
[1m[7m[36m RUN [39m[27m[22m [36mv2.1.9 [39m[90mF:/program/harmonix[39m

[90mstdout[2m | tests/unit/deezerSource.test.ts[2m > [22m[2mDeezerSource[2m > [22m[2minitializes and shuts down without throwing
[22m[39m[deezer] Initialized (no auth required 窶・30s previews only)
[deezer] Shutdown

[90mstdout[2m | tests/unit/audioProxy.test.ts[2m > [22m[2maudioProxy[2m > [22m[2mpasses through extra request headers when fetching upstream
[22m[39m[audioProxy] 竊・request {"url":"harmonix-media://stream/s_mqddwwyy_jveldf","range":null}
[audioProxy] upstream 200 OK ct=audio/mpeg cl=null cr=- ar=-
[audioProxy] no body, returning empty Response

[90mstdout[2m | tests/unit/audioProxy.test.ts[2m > [22m[2maudioProxy[2m > [22m[2mreturns 404 for unknown stream ids
[22m[39m[audioProxy] 竊・request {"url":"harmonix-media://stream/does-not-exist","range":null}
[audioProxy] 404 unknown stream id=does-not-exist

[90mstdout[2m | tests/unit/audioProxy.test.ts[2m > [22m[2maudioProxy[2m > [22m[2mreturns 400 for empty stream id
[22m[39m[audioProxy] 竊・request {"url":"harmonix-media://stream/","range":null}
[audioProxy] 400 empty id

[90mstdout[2m | tests/unit/audioProxy.test.ts[2m > [22m[2maudioProxy[2m > [22m[2mreturns 410 for expired streams
[22m[39m[audioProxy] 竊・request {"url":"harmonix-media://stream/s_mqddwwzu_xcbr4k","range":null}
[audioProxy] 410 expired id=s_mqddwwzu_xcbr4k

[90mstdout[2m | tests/unit/audioProxy.test.ts[2m > [22m[2maudioProxy[2m > [22m[2mresponse includes CORS + content headers
[22m[39m[audioProxy] 竊・request {"url":"harmonix-media://stream/s_mqddwx0a_ibze1f","range":null}
[audioProxy] upstream 200 OK ct=audio/mpeg cl=12345 cr=- ar=-
[audioProxy] no body, returning empty Response

[90mstdout[2m | tests/unit/audioProxy.test.ts[2m > [22m[2maudioProxy[2m > [22m[2mreturns 502 when net.fetch throws
[22m[39m[audioProxy] 竊・request {"url":"harmonix-media://stream/s_mqddwx0p_x4i7fo","range":null}

node.exe : [90mstderr[2m | tests/unit/deezerSource.test.ts[2m > [22m[2mDeezerSource[2m > [22m[2msearch() 
handles thrown errors (network failure) gracefully
At line:1 char:1
+ & "C:\Program Files\nodejs/node.exe" "C:\Users\Bayu\AppData\Roaming\n ...
+ ~~~~~~~~~~~~~~~~~~~~~~~~~~~~~~~~~~~~~~~~~~~~~~~~~~~~~~~~~~~~~~~~~~~~~
    + CategoryInfo          : NotSpecified: ([90mstderr[2m...ure) gracefully:String) [], RemoteException
    + FullyQualifiedErrorId : NativeCommandError
 
[22m[39m[deezer] Search failed: network down

[90mstderr[2m | tests/unit/audioProxy.test.ts[2m > [22m[2maudioProxy[2m > [22m[2mreturns 502 when net.fetch 
throws
[22m[39m[audioProxy] error: upstream boom

[90mstdout[2m | tests/unit/audioProxy.test.ts[2m > [22m[2maudioProxy[2m > [22m[2mforwards the Range header from the request to the upstream fetch
[22m[39m[audioProxy] 竊・request {"url":"harmonix-media://stream/s_mqddwx20_vfa5bm","range":"bytes=0-1023"}
[audioProxy] upstream 206 Partial Content ct=audio/mpeg cl=null cr=bytes 0-1023/5678 ar=bytes
[audioProxy] no body, returning empty Response

[90mstdout[2m | tests/unit/audioProxy.test.ts[2m > [22m[2maudioProxy[2m > [22m[2mhandles missing request.headers gracefully (no Range to forward)
[22m[39m[audioProxy] 竊・request {"url":"harmonix-media://stream/s_mqddwx2g_ac6mfb","range":null}
[audioProxy] upstream 200 OK ct=audio/mpeg cl=null cr=- ar=-
[audioProxy] no body, returning empty Response

[90mstderr[2m | tests/unit/deezerSource.test.ts[2m > [22m[2mDeezerSource[2m > [22m[2mgetTrack() returns null 
on network error
[22m[39m[deezer] getTrack failed: boom

[90mstdout[2m | tests/unit/audioProxy.test.ts[2m > [22m[2maudioProxy[2m > [22m[2moverrides upstream application/octet-stream with sniffed Content-Type
[22m[39m[audioProxy] 竊・request {"url":"harmonix-media://stream/s_mqddwx5z_e06rf6","range":null}
[audioProxy] upstream 200 OK ct=application/octet-stream cl=null cr=- ar=-
[audioProxy] sniffed audio/webm from 1a 45 df a3 9f 42 86 81 01 (was ct=application/octet-stream)
[audioProxy] 竊・200 ct=audio/webm cl=- body=stream(1st=9B)

[90mstdout[2m | tests/unit/audioProxy.test.ts[2m > [22m[2maudioProxy[2m > [22m[2mpreserves upstream audio Content-Type when it is a proper audio type
[22m[39m[audioProxy] 竊・request {"url":"harmonix-media://stream/s_mqddwx6f_9oeu86","range":null}
[audioProxy] upstream 200 OK ct=audio/mpeg cl=null cr=- ar=-
[audioProxy] 竊・200 ct=audio/mpeg cl=- body=stream(1st=4B)

[90mstdout[2m | tests/unit/audioProxy.test.ts[2m > [22m[2maudioProxy[2m > [22m[2mre-prepends the sniffed first chunk to the body so the audio element sees the full stream
[22m[39m[audioProxy] 竊・request {"url":"harmonix-media://stream/s_mqddwx6v_5ja68o","range":null}
[audioProxy] upstream 200 OK ct=application/octet-stream cl=null cr=- ar=-
[audioProxy] sniffed audio/webm from 1a 45 df a3 9f 42 86 81 (was ct=application/octet-stream)
[audioProxy] 竊・200 ct=audio/webm cl=- body=stream(1st=8B)

[90mstdout[2m | tests/unit/audioProxy.test.ts[2m > [22m[2maudioProxy[2m > [22m[2mhandles Electron 33+ web ReadableStream body (the production case)
[22m[39m[audioProxy] 竊・request {"url":"harmonix-media://stream/s_mqddwx7b_n6443t","range":null}
[audioProxy] upstream 200 OK ct=video/webm cl=null cr=- ar=-
[audioProxy] sniffed audio/webm from 1a 45 df a3 9f 42 86 81 (was ct=video/webm)
[audioProxy] 竊・200 ct=audio/webm cl=- body=stream(1st=8B)

 [32m笨・[39m tests/unit/audioProxy.test.ts [2m([22m[2m26 tests[22m[2m)[22m[33m 413[2mms[22m[39m
 [32m笨・[39m tests/unit/deezerSource.test.ts [2m([22m[2m29 tests[22m[2m)[22m[33m 485[2mms[22m[39m
 [32m笨・[39m tests/unit/scoring.test.ts [2m([22m[2m27 tests[22m[2m)[22m[33m 426[2mms[22m[39m
 [32m笨・[39m tests/unit/audiusSource.test.ts [2m([22m[2m21 tests[22m[2m)[22m[33m 327[2mms[22m[39m
[90mstderr[2m | tests/unit/jamendoSource.test.ts[2m > [22m[2mJamendoSource[2m > [22m[2msearch() handles API 
failure (error in headers) gracefully
[22m[39m[jamendo] Search failed: Jamendo API error: Invalid client_id

 [32m笨・[39m tests/unit/jamendoSource.test.ts [2m([22m[2m17 tests[22m[2m)[22m[90m 259[2mms[22m[39m
 [32m笨・[39m tests/unit/soundcloudSource.test.ts [2m([22m[2m25 tests[22m[2m)[22m[33m 403[2mms[22m[39m
 [32m笨・[39m tests/unit/uiStore.test.ts [2m([22m[2m23 tests[22m[2m)[22m[33m 348[2mms[22m[39m
 [32m笨・[39m tests/unit/playlistsStore.test.ts [2m([22m[2m15 tests[22m[2m)[22m[33m 306[2mms[22m[39m
 [32m笨・[39m tests/unit/sessionStore.test.ts [2m([22m[2m17 tests[22m[2m)[22m[90m 261[2mms[22m[39m
 [32m笨・[39m tests/unit/colorWorkerIntegration.test.ts [2m([22m[2m9 tests[22m[2m)[22m[90m 243[2mms[22m[39m
 [32m笨・[39m tests/unit/mood.test.ts [2m([22m[2m26 tests[22m[2m)[22m[33m 402[2mms[22m[39m
 [32m笨・[39m tests/unit/equalizerStore.test.ts [2m([22m[2m13 tests[22m[2m)[22m[33m 826[2mms[22m[39m
   [33m[2m笨・[22m[39m equalizerStore[2m > [22mpersists state via debounced saveState after a band change [33m623[2mms[22m[39m
[90mstdout[2m | tests/unit/webPlaybackController.test.ts[2m > [22m[2mWebPlaybackController.play 窶・/me/player/play timeout[2m > [22m[2maborts the PUT to /me/player/play after the 10s timeout and surfaces the error
[22m[39m[spotify] /me/player/play PUT 竊・device_id=mock-device-id uri=spotify:track:abc

 [32m笨・[39m tests/unit/eqResponse.test.ts [2m([22m[2m32 tests[22m[2m)[22m[33m 504[2mms[22m[39m
 [32m笨・[39m tests/unit/sourceResolver.test.ts [2m([22m[2m8 tests[22m[2m)[22m[90m 115[2mms[22m[39m
 [32m笨・[39m tests/unit/useKeyboardShortcuts.test.ts [2m([22m[2m14 tests[22m[2m)[22m[90m 213[2mms[22m[39m
 [32m笨・[39m tests/unit/enginePreload.test.ts [2m([22m[2m9 tests[22m[2m)[22m[90m 140[2mms[22m[39m
 [32m笨・[39m tests/unit/ytmusicErrors.test.ts [2m([22m[2m23 tests[22m[2m)[22m[33m 368[2mms[22m[39m
 [32m笨・[39m tests/unit/spotifySearchValidation.test.ts [2m([22m[2m15 tests[22m[2m)[22m[90m 212[2mms[22m[39m
[90mstderr[2m | tests/unit/settingsTabs.test.tsx[2m > [22m[2mSettingsTabs[2m > [22m[2mrenders all 5 tab links
[22m[39m笞・・React Router Future Flag Warning: React Router will begin wrapping state updates in 
`React.startTransition` in v7. You can use the `v7_startTransition` future flag to opt-in early. For more information, 
see https://reactrouter.com/v6/upgrading/future#v7_starttransition.
笞・・React Router Future Flag Warning: Relative route resolution within Splat routes is changing in v7. You can use the 
`v7_relativeSplatPath` future flag to opt-in early. For more information, see 
https://reactrouter.com/v6/upgrading/future#v7_relativesplatpath.

[90mstderr[2m | tests/unit/settingsTabs.test.tsx[2m > [22m[2mSettingsTabs[2m > [22m[2mexpands a section from 
the Performance tab
[22m[39mWarning: An update to MemoryPanel inside a test was not wrapped in act(...).

When testing, code that causes React state updates should be wrapped into act(...):

act(() => {
  /* fire events that update state */
});
/* assert on the output */

This ensures that you're testing the behavior the user would see in the browser. Learn more at 
https://reactjs.org/link/wrap-tests-with-act
    at MemoryPanel (F:\program\harmonix\src\features\settings\MemoryPanel.tsx:8:51)
    at div
    at div
    at MotionDOMComponent (file:///F:/program/harmonix/node_modules/framer-motion/dist/es/motion/index.mjs:45:16)
    at PopChildMeasure 
(file:///F:/program/harmonix/node_modules/framer-motion/dist/es/components/AnimatePresence/PopChild.mjs:13:1)
    at PopChild 
(file:///F:/program/harmonix/node_modules/framer-motion/dist/es/components/AnimatePresence/PopChild.mjs:44:21)
    at PresenceChild 
(file:///F:/program/harmonix/node_modules/framer-motion/dist/es/components/AnimatePresence/PresenceChild.mjs:9:26)
    at AnimatePresence 
(file:///F:/program/harmonix/node_modules/framer-motion/dist/es/components/AnimatePresence/index.mjs:44:28)
    at section
    at SettingsSection (F:\program\harmonix\src\features\settings\SettingsSection.tsx:12:3)
    at PerformanceTab
    at div
    at div
    at div
    at SettingsTabs (F:\program\harmonix\src\features\settings\SettingsTabs.tsx:46:42)
    at RenderedRoute (F:\program\harmonix\node_modules\react-router\dist\umd\react-router.development.js:535:7)
    at Routes (F:\program\harmonix\node_modules\react-router\dist\umd\react-router.development.js:1269:7)
    at Router (F:\program\harmonix\node_modules\react-router\dist\umd\react-router.development.js:1203:17)
    at MemoryRouter (F:\program\harmonix\node_modules\react-router\dist\umd\react-router.development.js:1097:7)

[90mstderr[2m | tests/unit/settingsTabs.test.tsx[2m > [22m[2mSettingsTabs[2m > [22m[2mexpands a section from 
the Sources tab
[22m[39mWarning: An update to SpotifyLoginButton inside a test was not wrapped in act(...).

When testing, code that causes React state updates should be wrapped into act(...):

act(() => {
  /* fire events that update state */
});
/* assert on the output */

This ensures that you're testing the behavior the user would see in the browser. Learn more at 
https://reactjs.org/link/wrap-tests-with-act
    at SpotifyLoginButton (F:\program\harmonix\src\features\settings\SpotifyLoginButton.tsx:8:41)
    at div
    at div
    at MotionDOMComponent (file:///F:/program/harmonix/node_modules/framer-motion/dist/es/motion/index.mjs:45:16)
    at PopChildMeasure 
(file:///F:/program/harmonix/node_modules/framer-motion/dist/es/components/AnimatePresence/PopChild.mjs:13:1)
    at PopChild 
(file:///F:/program/harmonix/node_modules/framer-motion/dist/es/components/AnimatePresence/PopChild.mjs:44:21)
    at PresenceChild 
(file:///F:/program/harmonix/node_modules/framer-motion/dist/es/components/AnimatePresence/PresenceChild.mjs:9:26)
    at AnimatePresence 
(file:///F:/program/harmonix/node_modules/framer-motion/dist/es/components/AnimatePresence/index.mjs:44:28)
    at section
    at SettingsSection (F:\program\harmonix\src\features\settings\SettingsSection.tsx:12:3)
    at SourcesTab
    at div
    at div
    at div
    at SettingsTabs (F:\program\harmonix\src\features\settings\SettingsTabs.tsx:46:42)
    at RenderedRoute (F:\program\harmonix\node_modules\react-router\dist\umd\react-router.development.js:535:7)
    at Routes (F:\program\harmonix\node_modules\react-router\dist\umd\react-router.development.js:1269:7)
    at Router (F:\program\harmonix\node_modules\react-router\dist\umd\react-router.development.js:1203:17)
    at MemoryRouter (F:\program\harmonix\node_modules\react-router\dist\umd\react-router.development.js:1097:7)

 [32m笨・[39m tests/unit/settingsTabs.test.tsx [2m([22m[2m15 tests[22m[2m)[22m[33m 422[2mms[22m[39m
 [32m笨・[39m tests/unit/equalizer.test.ts [2m([22m[2m16 tests[22m[2m)[22m[90m 246[2mms[22m[39m
[90mstderr[2m | tests/unit/webPlaybackController.test.ts[2m > [22m[2mWebPlaybackController.play 窶・/me/player/play 
timeout[2m > [22m[2maborts the PUT to /me/player/play after the 10s timeout and surfaces the error
[22m[39m[spotify] /me/player/play PUT ABORTED after 10s 窶・device_id=mock-device-id is presumably offline. Check 
Spotify Connect for a "Harmonix" device.

 [32m笨・[39m tests/unit/webPlaybackController.test.ts [2m([22m[2m3 tests[22m[2m)[22m[33m 10128[2mms[22m[39m
   [33m[2m笨・[22m[39m WebPlaybackController.play 窶・/me/player/play timeout[2m > [22maborts the PUT to /me/player/play after the 10s timeout and surfaces the error [33m10037[2mms[22m[39m
[90mstderr[2m | tests/unit/commandPalette.test.tsx[2m > [22m[2mCommandPalette[2m > [22m[2mdoes not render when 
closed
[22m[39m笞・・React Router Future Flag Warning: React Router will begin wrapping state updates in 
`React.startTransition` in v7. You can use the `v7_startTransition` future flag to opt-in early. For more information, 
see https://reactrouter.com/v6/upgrading/future#v7_starttransition.
笞・・React Router Future Flag Warning: Relative route resolution within Splat routes is changing in v7. You can use the 
`v7_relativeSplatPath` future flag to opt-in early. For more information, see 
https://reactrouter.com/v6/upgrading/future#v7_relativesplatpath.

 [32m笨・[39m tests/unit/commandPalette.test.tsx [2m([22m[2m15 tests[22m[2m)[22m[33m 444[2mms[22m[39m
[90mstderr[2m | tests/unit/sourcePicker.test.tsx[2m > [22m[2mSourcePicker[2m > [22m[2mshows loading state when 
fetching
[22m[39mWarning: An update to SourcePicker inside a test was not wrapped in act(...).

When testing, code that causes React state updates should be wrapped into act(...):

act(() => {
  /* fire events that update state */
});
/* assert on the output */

This ensures that you're testing the behavior the user would see in the browser. Learn more at 
https://reactjs.org/link/wrap-tests-with-act
    at SourcePicker (F:\program\harmonix\src\features\settings\SourcePicker.tsx:397:47)
Warning: An update to SourcePicker inside a test was not wrapped in act(...).

When testing, code that causes React state updates should be wrapped into act(...):

act(() => {
  /* fire events that update state */
});
/* assert on the output */

This ensures that you're testing the behavior the user would see in the browser. Learn more at 
https://reactjs.org/link/wrap-tests-with-act
    at SourcePicker (F:\program\harmonix\src\features\settings\SourcePicker.tsx:397:47)
Warning: An update to SourcePicker inside a test was not wrapped in act(...).

When testing, code that causes React state updates should be wrapped into act(...):

act(() => {
  /* fire events that update state */
});
/* assert on the output */

This ensures that you're testing the behavior the user would see in the browser. Learn more at 
https://reactjs.org/link/wrap-tests-with-act
    at SourcePicker (F:\program\harmonix\src\features\settings\SourcePicker.tsx:397:47)

 [32m笨・[39m tests/unit/sourcePicker.test.tsx [2m([22m[2m8 tests[22m[2m)[22m[90m 242[2mms[22m[39m
[90mstderr[2m | tests/unit/sourceView.test.tsx[2m > [22m[2mSourceView[2m > [22m[2mshows not found for unknown 
source id
[22m[39m笞・・React Router Future Flag Warning: React Router will begin wrapping state updates in 
`React.startTransition` in v7. You can use the `v7_startTransition` future flag to opt-in early. For more information, 
see https://reactrouter.com/v6/upgrading/future#v7_starttransition.
笞・・React Router Future Flag Warning: Relative route resolution within Splat routes is changing in v7. You can use the 
`v7_relativeSplatPath` future flag to opt-in early. For more information, see 
https://reactrouter.com/v6/upgrading/future#v7_relativesplatpath.

 [32m笨・[39m tests/unit/sourceView.test.tsx [2m([22m[2m7 tests[22m[2m)[22m[90m 215[2mms[22m[39m
 [32m笨・[39m tests/unit/listeningHistoryStore.test.ts [2m([22m[2m12 tests[22m[2m)[22m[90m 156[2mms[22m[39m
[90mstdout[2m | tests/unit/playlistRepository.test.ts[2m > [22m[2mplaylistRepository[2m > [22m[2mcreates and lists a playlist
[22m[39m[db] Applied migration 1: initial_schema
[db] Applied migration 2: eq_presets

[90mstdout[2m | tests/unit/playlistRepository.test.ts[2m > [22m[2mplaylistRepository[2m > [22m[2mrenames a playlist
[22m[39m[db] Applied migration 1: initial_schema
[db] Applied migration 2: eq_presets

[90mstdout[2m | tests/unit/playlistRepository.test.ts[2m > [22m[2mplaylistRepository[2m > [22m[2mdeletes a playlist
[22m[39m[db] Applied migration 1: initial_schema
[db] Applied migration 2: eq_presets

[90mstdout[2m | tests/unit/playlistRepository.test.ts[2m > [22m[2mplaylistRepository[2m > [22m[2madds tracks and assigns incrementing positions
[22m[39m[db] Applied migration 1: initial_schema
[db] Applied migration 2: eq_presets

[90mstdout[2m | tests/unit/playlistRepository.test.ts[2m > [22m[2mplaylistRepository[2m > [22m[2mremoves a track and shifts positions
[22m[39m[db] Applied migration 1: initial_schema
[db] Applied migration 2: eq_presets

[90mstdout[2m | tests/unit/playlistRepository.test.ts[2m > [22m[2mplaylistRepository[2m > [22m[2mreorders tracks by moving an item forward
[22m[39m[db] Applied migration 1: initial_schema
[db] Applied migration 2: eq_presets

[90mstdout[2m | tests/unit/playlistRepository.test.ts[2m > [22m[2mplaylistRepository[2m > [22m[2mreorders tracks by moving an item backward
[22m[39m[db] Applied migration 1: initial_schema
[db] Applied migration 2: eq_presets

[90mstdout[2m | tests/unit/playlistRepository.test.ts[2m > [22m[2mplaylistRepository[2m > [22m[2mreorder with same index is a no-op
[22m[39m[db] Applied migration 1: initial_schema
[db] Applied migration 2: eq_presets

[90mstdout[2m | tests/unit/playlistRepository.test.ts[2m > [22m[2mplaylistRepository[2m > [22m[2msetPlaylistTracks replaces all tracks
[22m[39m[db] Applied migration 1: initial_schema
[db] Applied migration 2: eq_presets

[90mstdout[2m | tests/unit/playlistRepository.test.ts[2m > [22m[2mplaylistRepository[2m > [22m[2mcountPlaylistTracks returns correct count
[22m[39m[db] Applied migration 1: initial_schema
[db] Applied migration 2: eq_presets

[90mstdout[2m | tests/unit/playlistRepository.test.ts[2m > [22m[2mplaylistRepository[2m > [22m[2mpersists across read operations
[22m[39m[db] Applied migration 1: initial_schema
[db] Applied migration 2: eq_presets

 [32m笨・[39m tests/unit/playlistRepository.test.ts [2m([22m[2m11 tests[22m[2m)[22m[90m 206[2mms[22m[39m
 [32m笨・[39m tests/unit/trackInsights.useTrackInsights.test.tsx [2m([22m[2m15 tests[22m[2m)[22m[90m 248[2mms[22m[39m
[90mstderr[2m | tests/unit/ensureSpotifySdkPlayer.test.ts[2m > [22m[2mensureSpotifySdkPlayer[2m > 
[22m[2mreturns null and sets status=error when connect() rejects (player is never cached)
[22m[39m[spotify] Failed to connect Web Playback SDK: device offline

[90mstderr[2m | tests/unit/ensureSpotifySdkPlayer.test.ts[2m > [22m[2mensureSpotifySdkPlayer[2m > 
[22m[2mtransitions status connecting 竊・error (with the SDK message) on failure
[22m[39m[spotify] Failed to connect Web Playback SDK: Web Playback account: Premium required

 [32m笨・[39m tests/unit/ensureSpotifySdkPlayer.test.ts [2m([22m[2m6 tests[22m[2m)[22m[90m 93[2mms[22m[39m
 [32m笨・[39m tests/unit/hybridRecommendations.test.tsx [2m([22m[2m7 tests[22m[2m)[22m[33m 683[2mms[22m[39m
[90mstderr[2m | tests/unit/playerStore.test.ts[2m > [22m[2mplayerStore[2m > [22m[2mfindRelatedTracks continues 
even if one search fails
[22m[39m[player] Related search failed for 'Bad': network

 [32m笨・[39m tests/unit/playerStore.test.ts [2m([22m[2m11 tests[22m[2m)[22m[90m 174[2mms[22m[39m
[90mstderr[2m | tests/unit/sidebar.test.tsx[2m > [22m[2mSidebar[2m > [22m[2mshows the app name and version
[22m[39m笞・・React Router Future Flag Warning: React Router will begin wrapping state updates in 
`React.startTransition` in v7. You can use the `v7_startTransition` future flag to opt-in early. For more information, 
see https://reactrouter.com/v6/upgrading/future#v7_starttransition.
笞・・React Router Future Flag Warning: Relative route resolution within Splat routes is changing in v7. You can use the 
`v7_relativeSplatPath` future flag to opt-in early. For more information, see 
https://reactrouter.com/v6/upgrading/future#v7_relativesplatpath.
Warning: An update to Sidebar inside a test was not wrapped in act(...).

When testing, code that causes React state updates should be wrapped into act(...):

act(() => {
  /* fire events that update state */
});
/* assert on the output */

This ensures that you're testing the behavior the user would see in the browser. Learn more at 
https://reactjs.org/link/wrap-tests-with-act
    at Sidebar (F:\program\harmonix\src\components\layout\Sidebar.tsx:65:40)
    at Router (F:\program\harmonix\node_modules\react-router\dist\umd\react-router.development.js:1203:17)
    at MemoryRouter (F:\program\harmonix\node_modules\react-router\dist\umd\react-router.development.js:1097:7)
Warning: An update to Sidebar inside a test was not wrapped in act(...).

When testing, code that causes React state updates should be wrapped into act(...):

act(() => {
  /* fire events that update state */
});
/* assert on the output */

This ensures that you're testing the behavior the user would see in the browser. Learn more at 
https://reactjs.org/link/wrap-tests-with-act
    at Sidebar (F:\program\harmonix\src\components\layout\Sidebar.tsx:65:40)
    at Router (F:\program\harmonix\node_modules\react-router\dist\umd\react-router.development.js:1203:17)
    at MemoryRouter (F:\program\harmonix\node_modules\react-router\dist\umd\react-router.development.js:1097:7)
Warning: An update to Sidebar inside a test was not wrapped in act(...).

When testing, code that causes React state updates should be wrapped into act(...):

act(() => {
  /* fire events that update state */
});
/* assert on the output */

This ensures that you're testing the behavior the user would see in the browser. Learn more at 
https://reactjs.org/link/wrap-tests-with-act
    at Sidebar (F:\program\harmonix\src\components\layout\Sidebar.tsx:65:40)
    at Router (F:\program\harmonix\node_modules\react-router\dist\umd\react-router.development.js:1203:17)
    at MemoryRouter (F:\program\harmonix\node_modules\react-router\dist\umd\react-router.development.js:1097:7)
Warning: An update to Sidebar inside a test was not wrapped in act(...).

When testing, code that causes React state updates should be wrapped into act(...):

act(() => {
  /* fire events that update state */
});
/* assert on the output */

This ensures that you're testing the behavior the user would see in the browser. Learn more at 
https://reactjs.org/link/wrap-tests-with-act
    at Sidebar (F:\program\harmonix\src\components\layout\Sidebar.tsx:65:40)
    at Router (F:\program\harmonix\node_modules\react-router\dist\umd\react-router.development.js:1203:17)
    at MemoryRouter (F:\program\harmonix\node_modules\react-router\dist\umd\react-router.development.js:1097:7)
Warning: An update to Sidebar inside a test was not wrapped in act(...).

When testing, code that causes React state updates should be wrapped into act(...):

act(() => {
  /* fire events that update state */
});
/* assert on the output */

This ensures that you're testing the behavior the user would see in the browser. Learn more at 
https://reactjs.org/link/wrap-tests-with-act
    at Sidebar (F:\program\harmonix\src\components\layout\Sidebar.tsx:65:40)
    at Router (F:\program\harmonix\node_modules\react-router\dist\umd\react-router.development.js:1203:17)
    at MemoryRouter (F:\program\harmonix\node_modules\react-router\dist\umd\react-router.development.js:1097:7)
Warning: An update to Sidebar inside a test was not wrapped in act(...).

When testing, code that causes React state updates should be wrapped into act(...):

act(() => {
  /* fire events that update state */
});
/* assert on the output */

This ensures that you're testing the behavior the user would see in the browser. Learn more at 
https://reactjs.org/link/wrap-tests-with-act
    at Sidebar (F:\program\harmonix\src\components\layout\Sidebar.tsx:65:40)
    at Router (F:\program\harmonix\node_modules\react-router\dist\umd\react-router.development.js:1203:17)
    at MemoryRouter (F:\program\harmonix\node_modules\react-router\dist\umd\react-router.development.js:1097:7)
Warning: An update to Sidebar inside a test was not wrapped in act(...).

When testing, code that causes React state updates should be wrapped into act(...):

act(() => {
  /* fire events that update state */
});
/* assert on the output */

This ensures that you're testing the behavior the user would see in the browser. Learn more at 
https://reactjs.org/link/wrap-tests-with-act
    at Sidebar (F:\program\harmonix\src\components\layout\Sidebar.tsx:65:40)
    at Router (F:\program\harmonix\node_modules\react-router\dist\umd\react-router.development.js:1203:17)
    at MemoryRouter (F:\program\harmonix\node_modules\react-router\dist\umd\react-router.development.js:1097:7)
Warning: An update to Sidebar inside a test was not wrapped in act(...).

When testing, code that causes React state updates should be wrapped into act(...):

act(() => {
  /* fire events that update state */
});
/* assert on the output */

This ensures that you're testing the behavior the user would see in the browser. Learn more at 
https://reactjs.org/link/wrap-tests-with-act
    at Sidebar (F:\program\harmonix\src\components\layout\Sidebar.tsx:65:40)
    at Router (F:\program\harmonix\node_modules\react-router\dist\umd\react-router.development.js:1203:17)
    at MemoryRouter (F:\program\harmonix\node_modules\react-router\dist\umd\react-router.development.js:1097:7)

[90mstderr[2m | tests/unit/sidebar.test.tsx[2m > [22m[2mSidebar[2m > [22m[2mrenders all static nav items
[22m[39mWarning: An update to Sidebar inside a test was not wrapped in act(...).

When testing, code that causes React state updates should be wrapped into act(...):

act(() => {
  /* fire events that update state */
});
/* assert on the output */

This ensures that you're testing the behavior the user would see in the browser. Learn more at 
https://reactjs.org/link/wrap-tests-with-act
    at Sidebar (F:\program\harmonix\src\components\layout\Sidebar.tsx:65:40)
    at Router (F:\program\harmonix\node_modules\react-router\dist\umd\react-router.development.js:1203:17)
    at MemoryRouter (F:\program\harmonix\node_modules\react-router\dist\umd\react-router.development.js:1097:7)
Warning: An update to Sidebar inside a test was not wrapped in act(...).

When testing, code that causes React state updates should be wrapped into act(...):

act(() => {
  /* fire events that update state */
});
/* assert on the output */

This ensures that you're testing the behavior the user would see in the browser. Learn more at 
https://reactjs.org/link/wrap-tests-with-act
    at Sidebar (F:\program\harmonix\src\components\layout\Sidebar.tsx:65:40)
    at Router (F:\program\harmonix\node_modules\react-router\dist\umd\react-router.development.js:1203:17)
    at MemoryRouter (F:\program\harmonix\node_modules\react-router\dist\umd\react-router.development.js:1097:7)
Warning: An update to Sidebar inside a test was not wrapped in act(...).

When testing, code that causes React state updates should be wrapped into act(...):

act(() => {
  /* fire events that update state */
});
/* assert on the output */

This ensures that you're testing the behavior the user would see in the browser. Learn more at 
https://reactjs.org/link/wrap-tests-with-act
    at Sidebar (F:\program\harmonix\src\components\layout\Sidebar.tsx:65:40)
    at Router (F:\program\harmonix\node_modules\react-router\dist\umd\react-router.development.js:1203:17)
    at MemoryRouter (F:\program\harmonix\node_modules\react-router\dist\umd\react-router.development.js:1097:7)
Warning: An update to Sidebar inside a test was not wrapped in act(...).

When testing, code that causes React state updates should be wrapped into act(...):

act(() => {
  /* fire events that update state */
});
/* assert on the output */

This ensures that you're testing the behavior the user would see in the browser. Learn more at 
https://reactjs.org/link/wrap-tests-with-act
    at Sidebar (F:\program\harmonix\src\components\layout\Sidebar.tsx:65:40)
    at Router (F:\program\harmonix\node_modules\react-router\dist\umd\react-router.development.js:1203:17)
    at MemoryRouter (F:\program\harmonix\node_modules\react-router\dist\umd\react-router.development.js:1097:7)
Warning: An update to Sidebar inside a test was not wrapped in act(...).

When testing, code that causes React state updates should be wrapped into act(...):

act(() => {
  /* fire events that update state */
});
/* assert on the output */

This ensures that you're testing the behavior the user would see in the browser. Learn more at 
https://reactjs.org/link/wrap-tests-with-act
    at Sidebar (F:\program\harmonix\src\components\layout\Sidebar.tsx:65:40)
    at Router (F:\program\harmonix\node_modules\react-router\dist\umd\react-router.development.js:1203:17)
    at MemoryRouter (F:\program\harmonix\node_modules\react-router\dist\umd\react-router.development.js:1097:7)
Warning: An update to Sidebar inside a test was not wrapped in act(...).

When testing, code that causes React state updates should be wrapped into act(...):

act(() => {
  /* fire events that update state */
});
/* assert on the output */

This ensures that you're testing the behavior the user would see in the browser. Learn more at 
https://reactjs.org/link/wrap-tests-with-act
    at Sidebar (F:\program\harmonix\src\components\layout\Sidebar.tsx:65:40)
    at Router (F:\program\harmonix\node_modules\react-router\dist\umd\react-router.development.js:1203:17)
    at MemoryRouter (F:\program\harmonix\node_modules\react-router\dist\umd\react-router.development.js:1097:7)
Warning: An update to Sidebar inside a test was not wrapped in act(...).

When testing, code that causes React state updates should be wrapped into act(...):

act(() => {
  /* fire events that update state */
});
/* assert on the output */

This ensures that you're testing the behavior the user would see in the browser. Learn more at 
https://reactjs.org/link/wrap-tests-with-act
    at Sidebar (F:\program\harmonix\src\components\layout\Sidebar.tsx:65:40)
    at Router (F:\program\harmonix\node_modules\react-router\dist\umd\react-router.development.js:1203:17)
    at MemoryRouter (F:\program\harmonix\node_modules\react-router\dist\umd\react-router.development.js:1097:7)
Warning: An update to Sidebar inside a test was not wrapped in act(...).

When testing, code that causes React state updates should be wrapped into act(...):

act(() => {
  /* fire events that update state */
});
/* assert on the output */

This ensures that you're testing the behavior the user would see in the browser. Learn more at 
https://reactjs.org/link/wrap-tests-with-act
    at Sidebar (F:\program\harmonix\src\components\layout\Sidebar.tsx:65:40)
    at Router (F:\program\harmonix\node_modules\react-router\dist\umd\react-router.development.js:1203:17)
    at MemoryRouter (F:\program\harmonix\node_modules\react-router\dist\umd\react-router.development.js:1097:7)

[90mstderr[2m | tests/unit/sidebar.test.tsx[2m > [22m[2mSidebar[2m > [22m[2mrenders Your Playlists section 
with create button
[22m[39mWarning: An update to Sidebar inside a test was not wrapped in act(...).

When testing, code that causes React state updates should be wrapped into act(...):

act(() => {
  /* fire events that update state */
});
/* assert on the output */

This ensures that you're testing the behavior the user would see in the browser. Learn more at 
https://reactjs.org/link/wrap-tests-with-act
    at Sidebar (F:\program\harmonix\src\components\layout\Sidebar.tsx:65:40)
    at Router (F:\program\harmonix\node_modules\react-router\dist\umd\react-router.development.js:1203:17)
    at MemoryRouter (F:\program\harmonix\node_modules\react-router\dist\umd\react-router.development.js:1097:7)
Warning: An update to Sidebar inside a test was not wrapped in act(...).

When testing, code that causes React state updates should be wrapped into act(...):

act(() => {
  /* fire events that update state */
});
/* assert on the output */

This ensures that you're testing the behavior the user would see in the browser. Learn more at 
https://reactjs.org/link/wrap-tests-with-act
    at Sidebar (F:\program\harmonix\src\components\layout\Sidebar.tsx:65:40)
    at Router (F:\program\harmonix\node_modules\react-router\dist\umd\react-router.development.js:1203:17)
    at MemoryRouter (F:\program\harmonix\node_modules\react-router\dist\umd\react-router.development.js:1097:7)
Warning: An update to Sidebar inside a test was not wrapped in act(...).

When testing, code that causes React state updates should be wrapped into act(...):

act(() => {
  /* fire events that update state */
});
/* assert on the output */

This ensures that you're testing the behavior the user would see in the browser. Learn more at 
https://reactjs.org/link/wrap-tests-with-act
    at Sidebar (F:\program\harmonix\src\components\layout\Sidebar.tsx:65:40)
    at Router (F:\program\harmonix\node_modules\react-router\dist\umd\react-router.development.js:1203:17)
    at MemoryRouter (F:\program\harmonix\node_modules\react-router\dist\umd\react-router.development.js:1097:7)
Warning: An update to Sidebar inside a test was not wrapped in act(...).

When testing, code that causes React state updates should be wrapped into act(...):

act(() => {
  /* fire events that update state */
});
/* assert on the output */

This ensures that you're testing the behavior the user would see in the browser. Learn more at 
https://reactjs.org/link/wrap-tests-with-act
    at Sidebar (F:\program\harmonix\src\components\layout\Sidebar.tsx:65:40)
    at Router (F:\program\harmonix\node_modules\react-router\dist\umd\react-router.development.js:1203:17)
    at MemoryRouter (F:\program\harmonix\node_modules\react-router\dist\umd\react-router.development.js:1097:7)
Warning: An update to Sidebar inside a test was not wrapped in act(...).

When testing, code that causes React state updates should be wrapped into act(...):

act(() => {
  /* fire events that update state */
});
/* assert on the output */

This ensures that you're testing the behavior the user would see in the browser. Learn more at 
https://reactjs.org/link/wrap-tests-with-act
    at Sidebar (F:\program\harmonix\src\components\layout\Sidebar.tsx:65:40)
    at Router (F:\program\harmonix\node_modules\react-router\dist\umd\react-router.development.js:1203:17)
    at MemoryRouter (F:\program\harmonix\node_modules\react-router\dist\umd\react-router.development.js:1097:7)
Warning: An update to Sidebar inside a test was not wrapped in act(...).

When testing, code that causes React state updates should be wrapped into act(...):

act(() => {
  /* fire events that update state */
});
/* assert on the output */

This ensures that you're testing the behavior the user would see in the browser. Learn more at 
https://reactjs.org/link/wrap-tests-with-act
    at Sidebar (F:\program\harmonix\src\components\layout\Sidebar.tsx:65:40)
    at Router (F:\program\harmonix\node_modules\react-router\dist\umd\react-router.development.js:1203:17)
    at MemoryRouter (F:\program\harmonix\node_modules\react-router\dist\umd\react-router.development.js:1097:7)
Warning: An update to Sidebar inside a test was not wrapped in act(...).

When testing, code that causes React state updates should be wrapped into act(...):

act(() => {
  /* fire events that update state */
});
/* assert on the output */

This ensures that you're testing the behavior the user would see in the browser. Learn more at 
https://reactjs.org/link/wrap-tests-with-act
    at Sidebar (F:\program\harmonix\src\components\layout\Sidebar.tsx:65:40)
    at Router (F:\program\harmonix\node_modules\react-router\dist\umd\react-router.development.js:1203:17)
    at MemoryRouter (F:\program\harmonix\node_modules\react-router\dist\umd\react-router.development.js:1097:7)
Warning: An update to Sidebar inside a test was not wrapped in act(...).

When testing, code that causes React state updates should be wrapped into act(...):

act(() => {
  /* fire events that update state */
});
/* assert on the output */

This ensures that you're testing the behavior the user would see in the browser. Learn more at 
https://reactjs.org/link/wrap-tests-with-act
    at Sidebar (F:\program\harmonix\src\components\layout\Sidebar.tsx:65:40)
    at Router (F:\program\harmonix\node_modules\react-router\dist\umd\react-router.development.js:1203:17)
    at MemoryRouter (F:\program\harmonix\node_modules\react-router\dist\umd\react-router.development.js:1097:7)

[90mstderr[2m | tests/unit/sidebar.test.tsx[2m > [22m[2mSidebar[2m > [22m[2mshows empty state for playlists 
when none exist
[22m[39mWarning: An update to Sidebar inside a test was not wrapped in act(...).

When testing, code that causes React state updates should be wrapped into act(...):

act(() => {
  /* fire events that update state */
});
/* assert on the output */

This ensures that you're testing the behavior the user would see in the browser. Learn more at 
https://reactjs.org/link/wrap-tests-with-act
    at Sidebar (F:\program\harmonix\src\components\layout\Sidebar.tsx:65:40)
    at Router (F:\program\harmonix\node_modules\react-router\dist\umd\react-router.development.js:1203:17)
    at MemoryRouter (F:\program\harmonix\node_modules\react-router\dist\umd\react-router.development.js:1097:7)
Warning: An update to Sidebar inside a test was not wrapped in act(...).

When testing, code that causes React state updates should be wrapped into act(...):

act(() => {
  /* fire events that update state */
});
/* assert on the output */

This ensures that you're testing the behavior the user would see in the browser. Learn more at 
https://reactjs.org/link/wrap-tests-with-act
    at Sidebar (F:\program\harmonix\src\components\layout\Sidebar.tsx:65:40)
    at Router (F:\program\harmonix\node_modules\react-router\dist\umd\react-router.development.js:1203:17)
    at MemoryRouter (F:\program\harmonix\node_modules\react-router\dist\umd\react-router.development.js:1097:7)
Warning: An update to Sidebar inside a test was not wrapped in act(...).

When testing, code that causes React state updates should be wrapped into act(...):

act(() => {
  /* fire events that update state */
});
/* assert on the output */

This ensures that you're testing the behavior the user would see in the browser. Learn more at 
https://reactjs.org/link/wrap-tests-with-act
    at Sidebar (F:\program\harmonix\src\components\layout\Sidebar.tsx:65:40)
    at Router (F:\program\harmonix\node_modules\react-router\dist\umd\react-router.development.js:1203:17)
    at MemoryRouter (F:\program\harmonix\node_modules\react-router\dist\umd\react-router.development.js:1097:7)
Warning: An update to Sidebar inside a test was not wrapped in act(...).

When testing, code that causes React state updates should be wrapped into act(...):

act(() => {
  /* fire events that update state */
});
/* assert on the output */

This ensures that you're testing the behavior the user would see in the browser. Learn more at 
https://reactjs.org/link/wrap-tests-with-act
    at Sidebar (F:\program\harmonix\src\components\layout\Sidebar.tsx:65:40)
    at Router (F:\program\harmonix\node_modules\react-router\dist\umd\react-router.development.js:1203:17)
    at MemoryRouter (F:\program\harmonix\node_modules\react-router\dist\umd\react-router.development.js:1097:7)
Warning: An update to Sidebar inside a test was not wrapped in act(...).

When testing, code that causes React state updates should be wrapped into act(...):

act(() => {
  /* fire events that update state */
});
/* assert on the output */

This ensures that you're testing the behavior the user would see in the browser. Learn more at 
https://reactjs.org/link/wrap-tests-with-act
    at Sidebar (F:\program\harmonix\src\components\layout\Sidebar.tsx:65:40)
    at Router (F:\program\harmonix\node_modules\react-router\dist\umd\react-router.development.js:1203:17)
    at MemoryRouter (F:\program\harmonix\node_modules\react-router\dist\umd\react-router.development.js:1097:7)
Warning: An update to Sidebar inside a test was not wrapped in act(...).

When testing, code that causes React state updates should be wrapped into act(...):

act(() => {
  /* fire events that update state */
});
/* assert on the output */

This ensures that you're testing the behavior the user would see in the browser. Learn more at 
https://reactjs.org/link/wrap-tests-with-act
    at Sidebar (F:\program\harmonix\src\components\layout\Sidebar.tsx:65:40)
    at Router (F:\program\harmonix\node_modules\react-router\dist\umd\react-router.development.js:1203:17)
    at MemoryRouter (F:\program\harmonix\node_modules\react-router\dist\umd\react-router.development.js:1097:7)
Warning: An update to Sidebar inside a test was not wrapped in act(...).

When testing, code that causes React state updates should be wrapped into act(...):

act(() => {
  /* fire events that update state */
});
/* assert on the output */

This ensures that you're testing the behavior the user would see in the browser. Learn more at 
https://reactjs.org/link/wrap-tests-with-act
    at Sidebar (F:\program\harmonix\src\components\layout\Sidebar.tsx:65:40)
    at Router (F:\program\harmonix\node_modules\react-router\dist\umd\react-router.development.js:1203:17)
    at MemoryRouter (F:\program\harmonix\node_modules\react-router\dist\umd\react-router.development.js:1097:7)
Warning: An update to Sidebar inside a test was not wrapped in act(...).

When testing, code that causes React state updates should be wrapped into act(...):

act(() => {
  /* fire events that update state */
});
/* assert on the output */

This ensures that you're testing the behavior the user would see in the browser. Learn more at 
https://reactjs.org/link/wrap-tests-with-act
    at Sidebar (F:\program\harmonix\src\components\layout\Sidebar.tsx:65:40)
    at Router (F:\program\harmonix\node_modules\react-router\dist\umd\react-router.development.js:1203:17)
    at MemoryRouter (F:\program\harmonix\node_modules\react-router\dist\umd\react-router.development.js:1097:7)

[90mstderr[2m | tests/unit/sidebar.test.tsx[2m > [22m[2mSidebar[2m > [22m[2mrenders playlist cards with name 
and song count
[22m[39mWarning: An update to Sidebar inside a test was not wrapped in act(...).

When testing, code that causes React state updates should be wrapped into act(...):

act(() => {
  /* fire events that update state */
});
/* assert on the output */

This ensures that you're testing the behavior the user would see in the browser. Learn more at 
https://reactjs.org/link/wrap-tests-with-act
    at Sidebar (F:\program\harmonix\src\components\layout\Sidebar.tsx:65:40)
    at Router (F:\program\harmonix\node_modules\react-router\dist\umd\react-router.development.js:1203:17)
    at MemoryRouter (F:\program\harmonix\node_modules\react-router\dist\umd\react-router.development.js:1097:7)
Warning: An update to Sidebar inside a test was not wrapped in act(...).

When testing, code that causes React state updates should be wrapped into act(...):

act(() => {
  /* fire events that update state */
});
/* assert on the output */

This ensures that you're testing the behavior the user would see in the browser. Learn more at 
https://reactjs.org/link/wrap-tests-with-act
    at Sidebar (F:\program\harmonix\src\components\layout\Sidebar.tsx:65:40)
    at Router (F:\program\harmonix\node_modules\react-router\dist\umd\react-router.development.js:1203:17)
    at MemoryRouter (F:\program\harmonix\node_modules\react-router\dist\umd\react-router.development.js:1097:7)
Warning: An update to Sidebar inside a test was not wrapped in act(...).

When testing, code that causes React state updates should be wrapped into act(...):

act(() => {
  /* fire events that update state */
});
/* assert on the output */

This ensures that you're testing the behavior the user would see in the browser. Learn more at 
https://reactjs.org/link/wrap-tests-with-act
    at Sidebar (F:\program\harmonix\src\components\layout\Sidebar.tsx:65:40)
    at Router (F:\program\harmonix\node_modules\react-router\dist\umd\react-router.development.js:1203:17)
    at MemoryRouter (F:\program\harmonix\node_modules\react-router\dist\umd\react-router.development.js:1097:7)
Warning: An update to Sidebar inside a test was not wrapped in act(...).

When testing, code that causes React state updates should be wrapped into act(...):

act(() => {
  /* fire events that update state */
});
/* assert on the output */

This ensures that you're testing the behavior the user would see in the browser. Learn more at 
https://reactjs.org/link/wrap-tests-with-act
    at Sidebar (F:\program\harmonix\src\components\layout\Sidebar.tsx:65:40)
    at Router (F:\program\harmonix\node_modules\react-router\dist\umd\react-router.development.js:1203:17)
    at MemoryRouter (F:\program\harmonix\node_modules\react-router\dist\umd\react-router.development.js:1097:7)
Warning: An update to Sidebar inside a test was not wrapped in act(...).

When testing, code that causes React state updates should be wrapped into act(...):

act(() => {
  /* fire events that update state */
});
/* assert on the output */

This ensures that you're testing the behavior the user would see in the browser. Learn more at 
https://reactjs.org/link/wrap-tests-with-act
    at Sidebar (F:\program\harmonix\src\components\layout\Sidebar.tsx:65:40)
    at Router (F:\program\harmonix\node_modules\react-router\dist\umd\react-router.development.js:1203:17)
    at MemoryRouter (F:\program\harmonix\node_modules\react-router\dist\umd\react-router.development.js:1097:7)
Warning: An update to Sidebar inside a test was not wrapped in act(...).

When testing, code that causes React state updates should be wrapped into act(...):

act(() => {
  /* fire events that update state */
});
/* assert on the output */

This ensures that you're testing the behavior the user would see in the browser. Learn more at 
https://reactjs.org/link/wrap-tests-with-act
    at Sidebar (F:\program\harmonix\src\components\layout\Sidebar.tsx:65:40)
    at Router (F:\program\harmonix\node_modules\react-router\dist\umd\react-router.development.js:1203:17)
    at MemoryRouter (F:\program\harmonix\node_modules\react-router\dist\umd\react-router.development.js:1097:7)
Warning: An update to Sidebar inside a test was not wrapped in act(...).

When testing, code that causes React state updates should be wrapped into act(...):

act(() => {
  /* fire events that update state */
});
/* assert on the output */

This ensures that you're testing the behavior the user would see in the browser. Learn more at 
https://reactjs.org/link/wrap-tests-with-act
    at Sidebar (F:\program\harmonix\src\components\layout\Sidebar.tsx:65:40)
    at Router (F:\program\harmonix\node_modules\react-router\dist\umd\react-router.development.js:1203:17)
    at MemoryRouter (F:\program\harmonix\node_modules\react-router\dist\umd\react-router.development.js:1097:7)
Warning: An update to Sidebar inside a test was not wrapped in act(...).

When testing, code that causes React state updates should be wrapped into act(...):

act(() => {
  /* fire events that update state */
});
/* assert on the output */

This ensures that you're testing the behavior the user would see in the browser. Learn more at 
https://reactjs.org/link/wrap-tests-with-act
    at Sidebar (F:\program\harmonix\src\components\layout\Sidebar.tsx:65:40)
    at Router (F:\program\harmonix\node_modules\react-router\dist\umd\react-router.development.js:1203:17)
    at MemoryRouter (F:\program\harmonix\node_modules\react-router\dist\umd\react-router.development.js:1097:7)

[90mstderr[2m | tests/unit/sidebar.test.tsx[2m > [22m[2mSidebar[2m > [22m[2mdoes not render per-source sub-nav 
(Sources section removed)
[22m[39mWarning: An update to Sidebar inside a test was not wrapped in act(...).

When testing, code that causes React state updates should be wrapped into act(...):

act(() => {
  /* fire events that update state */
});
/* assert on the output */

This ensures that you're testing the behavior the user would see in the browser. Learn more at 
https://reactjs.org/link/wrap-tests-with-act
    at Sidebar (F:\program\harmonix\src\components\layout\Sidebar.tsx:65:40)
    at Router (F:\program\harmonix\node_modules\react-router\dist\umd\react-router.development.js:1203:17)
    at MemoryRouter (F:\program\harmonix\node_modules\react-router\dist\umd\react-router.development.js:1097:7)
Warning: An update to Sidebar inside a test was not wrapped in act(...).

When testing, code that causes React state updates should be wrapped into act(...):

act(() => {
  /* fire events that update state */
});
/* assert on the output */

This ensures that you're testing the behavior the user would see in the browser. Learn more at 
https://reactjs.org/link/wrap-tests-with-act
    at Sidebar (F:\program\harmonix\src\components\layout\Sidebar.tsx:65:40)
    at Router (F:\program\harmonix\node_modules\react-router\dist\umd\react-router.development.js:1203:17)
    at MemoryRouter (F:\program\harmonix\node_modules\react-router\dist\umd\react-router.development.js:1097:7)
Warning: An update to Sidebar inside a test was not wrapped in act(...).

When testing, code that causes React state updates should be wrapped into act(...):

act(() => {
  /* fire events that update state */
});
/* assert on the output */

This ensures that you're testing the behavior the user would see in the browser. Learn more at 
https://reactjs.org/link/wrap-tests-with-act
    at Sidebar (F:\program\harmonix\src\components\layout\Sidebar.tsx:65:40)
    at Router (F:\program\harmonix\node_modules\react-router\dist\umd\react-router.development.js:1203:17)
    at MemoryRouter (F:\program\harmonix\node_modules\react-router\dist\umd\react-router.development.js:1097:7)
Warning: An update to Sidebar inside a test was not wrapped in act(...).

When testing, code that causes React state updates should be wrapped into act(...):

act(() => {
  /* fire events that update state */
});
/* assert on the output */

This ensures that you're testing the behavior the user would see in the browser. Learn more at 
https://reactjs.org/link/wrap-tests-with-act
    at Sidebar (F:\program\harmonix\src\components\layout\Sidebar.tsx:65:40)
    at Router (F:\program\harmonix\node_modules\react-router\dist\umd\react-router.development.js:1203:17)
    at MemoryRouter (F:\program\harmonix\node_modules\react-router\dist\umd\react-router.development.js:1097:7)
Warning: An update to Sidebar inside a test was not wrapped in act(...).

When testing, code that causes React state updates should be wrapped into act(...):

act(() => {
  /* fire events that update state */
});
/* assert on the output */

This ensures that you're testing the behavior the user would see in the browser. Learn more at 
https://reactjs.org/link/wrap-tests-with-act
    at Sidebar (F:\program\harmonix\src\components\layout\Sidebar.tsx:65:40)
    at Router (F:\program\harmonix\node_modules\react-router\dist\umd\react-router.development.js:1203:17)
    at MemoryRouter (F:\program\harmonix\node_modules\react-router\dist\umd\react-router.development.js:1097:7)
Warning: An update to Sidebar inside a test was not wrapped in act(...).

When testing, code that causes React state updates should be wrapped into act(...):

act(() => {
  /* fire events that update state */
});
/* assert on the output */

This ensures that you're testing the behavior the user would see in the browser. Learn more at 
https://reactjs.org/link/wrap-tests-with-act
    at Sidebar (F:\program\harmonix\src\components\layout\Sidebar.tsx:65:40)
    at Router (F:\program\harmonix\node_modules\react-router\dist\umd\react-router.development.js:1203:17)
    at MemoryRouter (F:\program\harmonix\node_modules\react-router\dist\umd\react-router.development.js:1097:7)
Warning: An update to Sidebar inside a test was not wrapped in act(...).

When testing, code that causes React state updates should be wrapped into act(...):

act(() => {
  /* fire events that update state */
});
/* assert on the output */

This ensures that you're testing the behavior the user would see in the browser. Learn more at 
https://reactjs.org/link/wrap-tests-with-act
    at Sidebar (F:\program\harmonix\src\components\layout\Sidebar.tsx:65:40)
    at Router (F:\program\harmonix\node_modules\react-router\dist\umd\react-router.development.js:1203:17)
    at MemoryRouter (F:\program\harmonix\node_modules\react-router\dist\umd\react-router.development.js:1097:7)
Warning: An update to Sidebar inside a test was not wrapped in act(...).

When testing, code that causes React state updates should be wrapped into act(...):

act(() => {
  /* fire events that update state */
});
/* assert on the output */

This ensures that you're testing the behavior the user would see in the browser. Learn more at 
https://reactjs.org/link/wrap-tests-with-act
    at Sidebar (F:\program\harmonix\src\components\layout\Sidebar.tsx:65:40)
    at Router (F:\program\harmonix\node_modules\react-router\dist\umd\react-router.development.js:1203:17)
    at MemoryRouter (F:\program\harmonix\node_modules\react-router\dist\umd\react-router.development.js:1097:7)

[90mstderr[2m | tests/unit/sidebar.test.tsx[2m > [22m[2mSidebar[2m > [22m[2mshows enabled source count in 
footer
[22m[39mWarning: An update to Sidebar inside a test was not wrapped in act(...).

When testing, code that causes React state updates should be wrapped into act(...):

act(() => {
  /* fire events that update state */
});
/* assert on the output */

This ensures that you're testing the behavior the user would see in the browser. Learn more at 
https://reactjs.org/link/wrap-tests-with-act
    at Sidebar (F:\program\harmonix\src\components\layout\Sidebar.tsx:65:40)
    at Router (F:\program\harmonix\node_modules\react-router\dist\umd\react-router.development.js:1203:17)
    at MemoryRouter (F:\program\harmonix\node_modules\react-router\dist\umd\react-router.development.js:1097:7)
Warning: An update to Sidebar inside a test was not wrapped in act(...).

When testing, code that causes React state updates should be wrapped into act(...):

act(() => {
  /* fire events that update state */
});
/* assert on the output */

This ensures that you're testing the behavior the user would see in the browser. Learn more at 
https://reactjs.org/link/wrap-tests-with-act
    at Sidebar (F:\program\harmonix\src\components\layout\Sidebar.tsx:65:40)
    at Router (F:\program\harmonix\node_modules\react-router\dist\umd\react-router.development.js:1203:17)
    at MemoryRouter (F:\program\harmonix\node_modules\react-router\dist\umd\react-router.development.js:1097:7)
Warning: An update to Sidebar inside a test was not wrapped in act(...).

When testing, code that causes React state updates should be wrapped into act(...):

act(() => {
  /* fire events that update state */
});
/* assert on the output */

This ensures that you're testing the behavior the user would see in the browser. Learn more at 
https://reactjs.org/link/wrap-tests-with-act
    at Sidebar (F:\program\harmonix\src\components\layout\Sidebar.tsx:65:40)
    at Router (F:\program\harmonix\node_modules\react-router\dist\umd\react-router.development.js:1203:17)
    at MemoryRouter (F:\program\harmonix\node_modules\react-router\dist\umd\react-router.development.js:1097:7)
Warning: An update to Sidebar inside a test was not wrapped in act(...).

When testing, code that causes React state updates should be wrapped into act(...):

act(() => {
  /* fire events that update state */
});
/* assert on the output */

This ensures that you're testing the behavior the user would see in the browser. Learn more at 
https://reactjs.org/link/wrap-tests-with-act
    at Sidebar (F:\program\harmonix\src\components\layout\Sidebar.tsx:65:40)
    at Router (F:\program\harmonix\node_modules\react-router\dist\umd\react-router.development.js:1203:17)
    at MemoryRouter (F:\program\harmonix\node_modules\react-router\dist\umd\react-router.development.js:1097:7)
Warning: An update to Sidebar inside a test was not wrapped in act(...).

When testing, code that causes React state updates should be wrapped into act(...):

act(() => {
  /* fire events that update state */
});
/* assert on the output */

This ensures that you're testing the behavior the user would see in the browser. Learn more at 
https://reactjs.org/link/wrap-tests-with-act
    at Sidebar (F:\program\harmonix\src\components\layout\Sidebar.tsx:65:40)
    at Router (F:\program\harmonix\node_modules\react-router\dist\umd\react-router.development.js:1203:17)
    at MemoryRouter (F:\program\harmonix\node_modules\react-router\dist\umd\react-router.development.js:1097:7)
Warning: An update to Sidebar inside a test was not wrapped in act(...).

When testing, code that causes React state updates should be wrapped into act(...):

act(() => {
  /* fire events that update state */
});
/* assert on the output */

This ensures that you're testing the behavior the user would see in the browser. Learn more at 
https://reactjs.org/link/wrap-tests-with-act
    at Sidebar (F:\program\harmonix\src\components\layout\Sidebar.tsx:65:40)
    at Router (F:\program\harmonix\node_modules\react-router\dist\umd\react-router.development.js:1203:17)
    at MemoryRouter (F:\program\harmonix\node_modules\react-router\dist\umd\react-router.development.js:1097:7)
Warning: An update to Sidebar inside a test was not wrapped in act(...).

When testing, code that causes React state updates should be wrapped into act(...):

act(() => {
  /* fire events that update state */
});
/* assert on the output */

This ensures that you're testing the behavior the user would see in the browser. Learn more at 
https://reactjs.org/link/wrap-tests-with-act
    at Sidebar (F:\program\harmonix\src\components\layout\Sidebar.tsx:65:40)
    at Router (F:\program\harmonix\node_modules\react-router\dist\umd\react-router.development.js:1203:17)
    at MemoryRouter (F:\program\harmonix\node_modules\react-router\dist\umd\react-router.development.js:1097:7)
Warning: An update to Sidebar inside a test was not wrapped in act(...).

When testing, code that causes React state updates should be wrapped into act(...):

act(() => {
  /* fire events that update state */
});
/* assert on the output */

This ensures that you're testing the behavior the user would see in the browser. Learn more at 
https://reactjs.org/link/wrap-tests-with-act
    at Sidebar (F:\program\harmonix\src\components\layout\Sidebar.tsx:65:40)
    at Router (F:\program\harmonix\node_modules\react-router\dist\umd\react-router.development.js:1203:17)
    at MemoryRouter (F:\program\harmonix\node_modules\react-router\dist\umd\react-router.development.js:1097:7)

 [32m笨・[39m tests/unit/sidebar.test.tsx [2m([22m[2m7 tests[22m[2m)[22m[90m 291[2mms[22m[39m
 [32m笨・[39m tests/unit/adapter.test.ts [2m([22m[2m12 tests[22m[2m)[22m[90m 186[2mms[22m[39m
[90mstdout[2m | tests/unit/equalizerWiring.test.ts[2m > [22m[2mEqualizer wiring into the audio engine[2m > [22m[2mload() ensures the context, which wires the gainNode through the equalizer
[22m[39m[audioEngine] load(file:///test.mp3) src=DIRECT
[audioEngine] audio.src=file:///test.mp3窶ｦ crossOrigin=null
[audioEngine] wired MediaElementSource for file:///test.mp3 (Web Audio active)

[90mstdout[2m | tests/unit/equalizerWiring.test.ts[2m > [22m[2mEqualizer wiring into the audio engine[2m > [22m[2mdoes not create a Y-splitter (gainNode is not connected directly to destination)
[22m[39m[audioEngine] load(file:///test.mp3) src=DIRECT
[audioEngine] audio.src=file:///test.mp3窶ｦ crossOrigin=null
[audioEngine] wired MediaElementSource for file:///test.mp3 (Web Audio active)

[90mstdout[2m | tests/unit/equalizerWiring.test.ts[2m > [22m[2mEqualizer wiring into the audio engine[2m > [22m[2mconnects the last filter of the equalizer chain to the destination
[22m[39m[audioEngine] load(file:///test.mp3) src=DIRECT
[audioEngine] audio.src=file:///test.mp3窶ｦ crossOrigin=null
[audioEngine] wired MediaElementSource for file:///test.mp3 (Web Audio active)

[90mstdout[2m | tests/unit/equalizerWiring.test.ts[2m > [22m[2mEqualizer wiring into the audio engine[2m > [22m[2mengine.destroy() disconnects the equalizer from the graph
[22m[39m[audioEngine] load(file:///test.mp3) src=DIRECT
[audioEngine] audio.src=file:///test.mp3窶ｦ crossOrigin=null
[audioEngine] wired MediaElementSource for file:///test.mp3 (Web Audio active)

[90mstdout[2m | tests/unit/equalizerWiring.test.ts[2m > [22m[2mEqualizer wiring into the audio engine[2m > [22m[2mcreateGain is called only on the first ensureContext, not on every load
[22m[39m[audioEngine] load(file:///a.mp3) src=DIRECT
[audioEngine] audio.src=file:///a.mp3窶ｦ crossOrigin=null
[audioEngine] wired MediaElementSource for file:///a.mp3 (Web Audio active)
[audioEngine] load(file:///b.mp3) src=DIRECT
[audioEngine] audio.src=file:///b.mp3窶ｦ crossOrigin=null
[audioEngine] wired MediaElementSource for file:///b.mp3 (Web Audio active)

 [32m笨・[39m tests/unit/equalizerWiring.test.ts [2m([22m[2m5 tests[22m[2m)[22m[90m 72[2mms[22m[39m
 [32m笨・[39m tests/unit/uiStoreExtended.test.ts [2m([22m[2m14 tests[22m[2m)[22m[90m 195[2mms[22m[39m
[90mstderr[2m | tests/unit/discoverView.test.tsx[2m > [22m[2mDiscoverView[2m > [22m[2mrenders the page header
[22m[39m笞・・React Router Future Flag Warning: React Router will begin wrapping state updates in 
`React.startTransition` in v7. You can use the `v7_startTransition` future flag to opt-in early. For more information, 
see https://reactrouter.com/v6/upgrading/future#v7_starttransition.
笞・・React Router Future Flag Warning: Relative route resolution within Splat routes is changing in v7. You can use the 
`v7_relativeSplatPath` future flag to opt-in early. For more information, see 
https://reactrouter.com/v6/upgrading/future#v7_relativesplatpath.
Warning: An update to DiscoverView inside a test was not wrapped in act(...).

When testing, code that causes React state updates should be wrapped into act(...):

act(() => {
  /* fire events that update state */
});
/* assert on the output */

This ensures that you're testing the behavior the user would see in the browser. Learn more at 
https://reactjs.org/link/wrap-tests-with-act
    at DiscoverView (F:\program\harmonix\src\features\discover\DiscoverView.tsx:45:46)
    at Router (F:\program\harmonix\node_modules\react-router\dist\umd\react-router.development.js:1203:17)
    at MemoryRouter (F:\program\harmonix\node_modules\react-router\dist\umd\react-router.development.js:1097:7)
Warning: An update to DiscoverView inside a test was not wrapped in act(...).

When testing, code that causes React state updates should be wrapped into act(...):

act(() => {
  /* fire events that update state */
});
/* assert on the output */

This ensures that you're testing the behavior the user would see in the browser. Learn more at 
https://reactjs.org/link/wrap-tests-with-act
    at DiscoverView (F:\program\harmonix\src\features\discover\DiscoverView.tsx:45:46)
    at Router (F:\program\harmonix\node_modules\react-router\dist\umd\react-router.development.js:1203:17)
    at MemoryRouter (F:\program\harmonix\node_modules\react-router\dist\umd\react-router.development.js:1097:7)
Warning: An update to DiscoverView inside a test was not wrapped in act(...).

When testing, code that causes React state updates should be wrapped into act(...):

act(() => {
  /* fire events that update state */
});
/* assert on the output */

This ensures that you're testing the behavior the user would see in the browser. Learn more at 
https://reactjs.org/link/wrap-tests-with-act
    at DiscoverView (F:\program\harmonix\src\features\discover\DiscoverView.tsx:45:46)
    at Router (F:\program\harmonix\node_modules\react-router\dist\umd\react-router.development.js:1203:17)
    at MemoryRouter (F:\program\harmonix\node_modules\react-router\dist\umd\react-router.development.js:1097:7)
Warning: An update to DiscoverView inside a test was not wrapped in act(...).

When testing, code that causes React state updates should be wrapped into act(...):

act(() => {
  /* fire events that update state */
});
/* assert on the output */

This ensures that you're testing the behavior the user would see in the browser. Learn more at 
https://reactjs.org/link/wrap-tests-with-act
    at DiscoverView (F:\program\harmonix\src\features\discover\DiscoverView.tsx:45:46)
    at Router (F:\program\harmonix\node_modules\react-router\dist\umd\react-router.development.js:1203:17)
    at MemoryRouter (F:\program\harmonix\node_modules\react-router\dist\umd\react-router.development.js:1097:7)
Warning: An update to DiscoverView inside a test was not wrapped in act(...).

When testing, code that causes React state updates should be wrapped into act(...):

act(() => {
  /* fire events that update state */
});
/* assert on the output */

This ensures that you're testing the behavior the user would see in the browser. Learn more at 
https://reactjs.org/link/wrap-tests-with-act
    at DiscoverView (F:\program\harmonix\src\features\discover\DiscoverView.tsx:45:46)
    at Router (F:\program\harmonix\node_modules\react-router\dist\umd\react-router.development.js:1203:17)
    at MemoryRouter (F:\program\harmonix\node_modules\react-router\dist\umd\react-router.development.js:1097:7)
Warning: An update to DiscoverView inside a test was not wrapped in act(...).

When testing, code that causes React state updates should be wrapped into act(...):

act(() => {
  /* fire events that update state */
});
/* assert on the output */

This ensures that you're testing the behavior the user would see in the browser. Learn more at 
https://reactjs.org/link/wrap-tests-with-act
    at DiscoverView (F:\program\harmonix\src\features\discover\DiscoverView.tsx:45:46)
    at Router (F:\program\harmonix\node_modules\react-router\dist\umd\react-router.development.js:1203:17)
    at MemoryRouter (F:\program\harmonix\node_modules\react-router\dist\umd\react-router.development.js:1097:7)

[90mstderr[2m | tests/unit/discoverView.test.tsx[2m > [22m[2mDiscoverView[2m > [22m[2mshows the first-time 
hint when history and session are empty
[22m[39mWarning: An update to DiscoverView inside a test was not wrapped in act(...).

When testing, code that causes React state updates should be wrapped into act(...):

act(() => {
  /* fire events that update state */
});
/* assert on the output */

This ensures that you're testing the behavior the user would see in the browser. Learn more at 
https://reactjs.org/link/wrap-tests-with-act
    at DiscoverView (F:\program\harmonix\src\features\discover\DiscoverView.tsx:45:46)
    at Router (F:\program\harmonix\node_modules\react-router\dist\umd\react-router.development.js:1203:17)
    at MemoryRouter (F:\program\harmonix\node_modules\react-router\dist\umd\react-router.development.js:1097:7)
Warning: An update to DiscoverView inside a test was not wrapped in act(...).

When testing, code that causes React state updates should be wrapped into act(...):

act(() => {
  /* fire events that update state */
});
/* assert on the output */

This ensures that you're testing the behavior the user would see in the browser. Learn more at 
https://reactjs.org/link/wrap-tests-with-act
    at DiscoverView (F:\program\harmonix\src\features\discover\DiscoverView.tsx:45:46)
    at Router (F:\program\harmonix\node_modules\react-router\dist\umd\react-router.development.js:1203:17)
    at MemoryRouter (F:\program\harmonix\node_modules\react-router\dist\umd\react-router.development.js:1097:7)
Warning: An update to DiscoverView inside a test was not wrapped in act(...).

When testing, code that causes React state updates should be wrapped into act(...):

act(() => {
  /* fire events that update state */
});
/* assert on the output */

This ensures that you're testing the behavior the user would see in the browser. Learn more at 
https://reactjs.org/link/wrap-tests-with-act
    at DiscoverView (F:\program\harmonix\src\features\discover\DiscoverView.tsx:45:46)
    at Router (F:\program\harmonix\node_modules\react-router\dist\umd\react-router.development.js:1203:17)
    at MemoryRouter (F:\program\harmonix\node_modules\react-router\dist\umd\react-router.development.js:1097:7)
Warning: An update to DiscoverView inside a test was not wrapped in act(...).

When testing, code that causes React state updates should be wrapped into act(...):

act(() => {
  /* fire events that update state */
});
/* assert on the output */

This ensures that you're testing the behavior the user would see in the browser. Learn more at 
https://reactjs.org/link/wrap-tests-with-act
    at DiscoverView (F:\program\harmonix\src\features\discover\DiscoverView.tsx:45:46)
    at Router (F:\program\harmonix\node_modules\react-router\dist\umd\react-router.development.js:1203:17)
    at MemoryRouter (F:\program\harmonix\node_modules\react-router\dist\umd\react-router.development.js:1097:7)
Warning: An update to DiscoverView inside a test was not wrapped in act(...).

When testing, code that causes React state updates should be wrapped into act(...):

act(() => {
  /* fire events that update state */
});
/* assert on the output */

This ensures that you're testing the behavior the user would see in the browser. Learn more at 
https://reactjs.org/link/wrap-tests-with-act
    at DiscoverView (F:\program\harmonix\src\features\discover\DiscoverView.tsx:45:46)
    at Router (F:\program\harmonix\node_modules\react-router\dist\umd\react-router.development.js:1203:17)
    at MemoryRouter (F:\program\harmonix\node_modules\react-router\dist\umd\react-router.development.js:1097:7)
Warning: An update to DiscoverView inside a test was not wrapped in act(...).

When testing, code that causes React state updates should be wrapped into act(...):

act(() => {
  /* fire events that update state */
});
/* assert on the output */

This ensures that you're testing the behavior the user would see in the browser. Learn more at 
https://reactjs.org/link/wrap-tests-with-act
    at DiscoverView (F:\program\harmonix\src\features\discover\DiscoverView.tsx:45:46)
    at Router (F:\program\harmonix\node_modules\react-router\dist\umd\react-router.development.js:1203:17)
    at MemoryRouter (F:\program\harmonix\node_modules\react-router\dist\umd\react-router.development.js:1097:7)

[90mstderr[2m | tests/unit/discoverView.test.tsx[2m > [22m[2mDiscoverView[2m > [22m[2mhides the first-time 
hint when history is non-empty
[22m[39mWarning: An update to DiscoverView inside a test was not wrapped in act(...).

When testing, code that causes React state updates should be wrapped into act(...):

act(() => {
  /* fire events that update state */
});
/* assert on the output */

This ensures that you're testing the behavior the user would see in the browser. Learn more at 
https://reactjs.org/link/wrap-tests-with-act
    at DiscoverView (F:\program\harmonix\src\features\discover\DiscoverView.tsx:45:46)
    at Router (F:\program\harmonix\node_modules\react-router\dist\umd\react-router.development.js:1203:17)
    at MemoryRouter (F:\program\harmonix\node_modules\react-router\dist\umd\react-router.development.js:1097:7)
Warning: An update to DiscoverView inside a test was not wrapped in act(...).

When testing, code that causes React state updates should be wrapped into act(...):

act(() => {
  /* fire events that update state */
});
/* assert on the output */

This ensures that you're testing the behavior the user would see in the browser. Learn more at 
https://reactjs.org/link/wrap-tests-with-act
    at DiscoverView (F:\program\harmonix\src\features\discover\DiscoverView.tsx:45:46)
    at Router (F:\program\harmonix\node_modules\react-router\dist\umd\react-router.development.js:1203:17)
    at MemoryRouter (F:\program\harmonix\node_modules\react-router\dist\umd\react-router.development.js:1097:7)
Warning: An update to DiscoverView inside a test was not wrapped in act(...).

When testing, code that causes React state updates should be wrapped into act(...):

act(() => {
  /* fire events that update state */
});
/* assert on the output */

This ensures that you're testing the behavior the user would see in the browser. Learn more at 
https://reactjs.org/link/wrap-tests-with-act
    at DiscoverView (F:\program\harmonix\src\features\discover\DiscoverView.tsx:45:46)
    at Router (F:\program\harmonix\node_modules\react-router\dist\umd\react-router.development.js:1203:17)
    at MemoryRouter (F:\program\harmonix\node_modules\react-router\dist\umd\react-router.development.js:1097:7)
Warning: An update to DiscoverView inside a test was not wrapped in act(...).

When testing, code that causes React state updates should be wrapped into act(...):

act(() => {
  /* fire events that update state */
});
/* assert on the output */

This ensures that you're testing the behavior the user would see in the browser. Learn more at 
https://reactjs.org/link/wrap-tests-with-act
    at DiscoverView (F:\program\harmonix\src\features\discover\DiscoverView.tsx:45:46)
    at Router (F:\program\harmonix\node_modules\react-router\dist\umd\react-router.development.js:1203:17)
    at MemoryRouter (F:\program\harmonix\node_modules\react-router\dist\umd\react-router.development.js:1097:7)
Warning: An update to DiscoverView inside a test was not wrapped in act(...).

When testing, code that causes React state updates should be wrapped into act(...):

act(() => {
  /* fire events that update state */
});
/* assert on the output */

This ensures that you're testing the behavior the user would see in the browser. Learn more at 
https://reactjs.org/link/wrap-tests-with-act
    at DiscoverView (F:\program\harmonix\src\features\discover\DiscoverView.tsx:45:46)
    at Router (F:\program\harmonix\node_modules\react-router\dist\umd\react-router.development.js:1203:17)
    at MemoryRouter (F:\program\harmonix\node_modules\react-router\dist\umd\react-router.development.js:1097:7)
Warning: An update to DiscoverView inside a test was not wrapped in act(...).

When testing, code that causes React state updates should be wrapped into act(...):

act(() => {
  /* fire events that update state */
});
/* assert on the output */

This ensures that you're testing the behavior the user would see in the browser. Learn more at 
https://reactjs.org/link/wrap-tests-with-act
    at DiscoverView (F:\program\harmonix\src\features\discover\DiscoverView.tsx:45:46)
    at Router (F:\program\harmonix\node_modules\react-router\dist\umd\react-router.development.js:1203:17)
    at MemoryRouter (F:\program\harmonix\node_modules\react-router\dist\umd\react-router.development.js:1097:7)

[90mstderr[2m | tests/unit/discoverView.test.tsx[2m > [22m[2mDiscoverView[2m > [22m[2mhides the first-time 
hint when the user dismisses it
[22m[39mWarning: An update to DiscoverView inside a test was not wrapped in act(...).

When testing, code that causes React state updates should be wrapped into act(...):

act(() => {
  /* fire events that update state */
});
/* assert on the output */

This ensures that you're testing the behavior the user would see in the browser. Learn more at 
https://reactjs.org/link/wrap-tests-with-act
    at DiscoverView (F:\program\harmonix\src\features\discover\DiscoverView.tsx:45:46)
    at Router (F:\program\harmonix\node_modules\react-router\dist\umd\react-router.development.js:1203:17)
    at MemoryRouter (F:\program\harmonix\node_modules\react-router\dist\umd\react-router.development.js:1097:7)
Warning: An update to DiscoverView inside a test was not wrapped in act(...).

When testing, code that causes React state updates should be wrapped into act(...):

act(() => {
  /* fire events that update state */
});
/* assert on the output */

This ensures that you're testing the behavior the user would see in the browser. Learn more at 
https://reactjs.org/link/wrap-tests-with-act
    at DiscoverView (F:\program\harmonix\src\features\discover\DiscoverView.tsx:45:46)
    at Router (F:\program\harmonix\node_modules\react-router\dist\umd\react-router.development.js:1203:17)
    at MemoryRouter (F:\program\harmonix\node_modules\react-router\dist\umd\react-router.development.js:1097:7)

[90mstderr[2m | tests/unit/discoverView.test.tsx[2m > [22m[2mDiscoverView[2m > [22m[2mrenders 3 row sections: 
Top picks, From history, By mood
[22m[39mWarning: An update to DiscoverView inside a test was not wrapped in act(...).

When testing, code that causes React state updates should be wrapped into act(...):

act(() => {
  /* fire events that update state */
});
/* assert on the output */

This ensures that you're testing the behavior the user would see in the browser. Learn more at 
https://reactjs.org/link/wrap-tests-with-act
    at DiscoverView (F:\program\harmonix\src\features\discover\DiscoverView.tsx:45:46)
    at Router (F:\program\harmonix\node_modules\react-router\dist\umd\react-router.development.js:1203:17)
    at MemoryRouter (F:\program\harmonix\node_modules\react-router\dist\umd\react-router.development.js:1097:7)
Warning: An update to DiscoverView inside a test was not wrapped in act(...).

When testing, code that causes React state updates should be wrapped into act(...):

act(() => {
  /* fire events that update state */
});
/* assert on the output */

This ensures that you're testing the behavior the user would see in the browser. Learn more at 
https://reactjs.org/link/wrap-tests-with-act
    at DiscoverView (F:\program\harmonix\src\features\discover\DiscoverView.tsx:45:46)
    at Router (F:\program\harmonix\node_modules\react-router\dist\umd\react-router.development.js:1203:17)
    at MemoryRouter (F:\program\harmonix\node_modules\react-router\dist\umd\react-router.development.js:1097:7)
Warning: An update to DiscoverView inside a test was not wrapped in act(...).

When testing, code that causes React state updates should be wrapped into act(...):

act(() => {
  /* fire events that update state */
});
/* assert on the output */

This ensures that you're testing the behavior the user would see in the browser. Learn more at 
https://reactjs.org/link/wrap-tests-with-act
    at DiscoverView (F:\program\harmonix\src\features\discover\DiscoverView.tsx:45:46)
    at Router (F:\program\harmonix\node_modules\react-router\dist\umd\react-router.development.js:1203:17)
    at MemoryRouter (F:\program\harmonix\node_modules\react-router\dist\umd\react-router.development.js:1097:7)
Warning: An update to DiscoverView inside a test was not wrapped in act(...).

When testing, code that causes React state updates should be wrapped into act(...):

act(() => {
  /* fire events that update state */
});
/* assert on the output */

This ensures that you're testing the behavior the user would see in the browser. Learn more at 
https://reactjs.org/link/wrap-tests-with-act
    at DiscoverView (F:\program\harmonix\src\features\discover\DiscoverView.tsx:45:46)
    at Router (F:\program\harmonix\node_modules\react-router\dist\umd\react-router.development.js:1203:17)
    at MemoryRouter (F:\program\harmonix\node_modules\react-router\dist\umd\react-router.development.js:1097:7)
Warning: An update to DiscoverView inside a test was not wrapped in act(...).

When testing, code that causes React state updates should be wrapped into act(...):

act(() => {
  /* fire events that update state */
});
/* assert on the output */

This ensures that you're testing the behavior the user would see in the browser. Learn more at 
https://reactjs.org/link/wrap-tests-with-act
    at DiscoverView (F:\program\harmonix\src\features\discover\DiscoverView.tsx:45:46)
    at Router (F:\program\harmonix\node_modules\react-router\dist\umd\react-router.development.js:1203:17)
    at MemoryRouter (F:\program\harmonix\node_modules\react-router\dist\umd\react-router.development.js:1097:7)
Warning: An update to DiscoverView inside a test was not wrapped in act(...).

When testing, code that causes React state updates should be wrapped into act(...):

act(() => {
  /* fire events that update state */
});
/* assert on the output */

This ensures that you're testing the behavior the user would see in the browser. Learn more at 
https://reactjs.org/link/wrap-tests-with-act
    at DiscoverView (F:\program\harmonix\src\features\discover\DiscoverView.tsx:45:46)
    at Router (F:\program\harmonix\node_modules\react-router\dist\umd\react-router.development.js:1203:17)
    at MemoryRouter (F:\program\harmonix\node_modules\react-router\dist\umd\react-router.development.js:1097:7)

[90mstderr[2m | tests/unit/discoverView.test.tsx[2m > [22m[2mDiscoverView[2m > [22m[2mTop picks section has a 
different subtitle when no current track
[22m[39mWarning: An update to DiscoverView inside a test was not wrapped in act(...).

When testing, code that causes React state updates should be wrapped into act(...):

act(() => {
  /* fire events that update state */
});
/* assert on the output */

This ensures that you're testing the behavior the user would see in the browser. Learn more at 
https://reactjs.org/link/wrap-tests-with-act
    at DiscoverView (F:\program\harmonix\src\features\discover\DiscoverView.tsx:45:46)
    at Router (F:\program\harmonix\node_modules\react-router\dist\umd\react-router.development.js:1203:17)
    at MemoryRouter (F:\program\harmonix\node_modules\react-router\dist\umd\react-router.development.js:1097:7)
Warning: An update to DiscoverView inside a test was not wrapped in act(...).

When testing, code that causes React state updates should be wrapped into act(...):

act(() => {
  /* fire events that update state */
});
/* assert on the output */

This ensures that you're testing the behavior the user would see in the browser. Learn more at 
https://reactjs.org/link/wrap-tests-with-act
    at DiscoverView (F:\program\harmonix\src\features\discover\DiscoverView.tsx:45:46)
    at Router (F:\program\harmonix\node_modules\react-router\dist\umd\react-router.development.js:1203:17)
    at MemoryRouter (F:\program\harmonix\node_modules\react-router\dist\umd\react-router.development.js:1097:7)
Warning: An update to DiscoverView inside a test was not wrapped in act(...).

When testing, code that causes React state updates should be wrapped into act(...):

act(() => {
  /* fire events that update state */
});
/* assert on the output */

This ensures that you're testing the behavior the user would see in the browser. Learn more at 
https://reactjs.org/link/wrap-tests-with-act
    at DiscoverView (F:\program\harmonix\src\features\discover\DiscoverView.tsx:45:46)
    at Router (F:\program\harmonix\node_modules\react-router\dist\umd\react-router.development.js:1203:17)
    at MemoryRouter (F:\program\harmonix\node_modules\react-router\dist\umd\react-router.development.js:1097:7)
Warning: An update to DiscoverView inside a test was not wrapped in act(...).

When testing, code that causes React state updates should be wrapped into act(...):

act(() => {
  /* fire events that update state */
});
/* assert on the output */

This ensures that you're testing the behavior the user would see in the browser. Learn more at 
https://reactjs.org/link/wrap-tests-with-act
    at DiscoverView (F:\program\harmonix\src\features\discover\DiscoverView.tsx:45:46)
    at Router (F:\program\harmonix\node_modules\react-router\dist\umd\react-router.development.js:1203:17)
    at MemoryRouter (F:\program\harmonix\node_modules\react-router\dist\umd\react-router.development.js:1097:7)
Warning: An update to DiscoverView inside a test was not wrapped in act(...).

When testing, code that causes React state updates should be wrapped into act(...):

act(() => {
  /* fire events that update state */
});
/* assert on the output */

This ensures that you're testing the behavior the user would see in the browser. Learn more at 
https://reactjs.org/link/wrap-tests-with-act
    at DiscoverView (F:\program\harmonix\src\features\discover\DiscoverView.tsx:45:46)
    at Router (F:\program\harmonix\node_modules\react-router\dist\umd\react-router.development.js:1203:17)
    at MemoryRouter (F:\program\harmonix\node_modules\react-router\dist\umd\react-router.development.js:1097:7)
Warning: An update to DiscoverView inside a test was not wrapped in act(...).

When testing, code that causes React state updates should be wrapped into act(...):

act(() => {
  /* fire events that update state */
});
/* assert on the output */

This ensures that you're testing the behavior the user would see in the browser. Learn more at 
https://reactjs.org/link/wrap-tests-with-act
    at DiscoverView (F:\program\harmonix\src\features\discover\DiscoverView.tsx:45:46)
    at Router (F:\program\harmonix\node_modules\react-router\dist\umd\react-router.development.js:1203:17)
    at MemoryRouter (F:\program\harmonix\node_modules\react-router\dist\umd\react-router.development.js:1097:7)

[90mstderr[2m | tests/unit/discoverView.test.tsx[2m > [22m[2mDiscoverView[2m > [22m[2mTop picks section 
subtitle mentions current track when one is playing
[22m[39mWarning: An update to DiscoverView inside a test was not wrapped in act(...).

When testing, code that causes React state updates should be wrapped into act(...):

act(() => {
  /* fire events that update state */
});
/* assert on the output */

This ensures that you're testing the behavior the user would see in the browser. Learn more at 
https://reactjs.org/link/wrap-tests-with-act
    at DiscoverView (F:\program\harmonix\src\features\discover\DiscoverView.tsx:45:46)
    at Router (F:\program\harmonix\node_modules\react-router\dist\umd\react-router.development.js:1203:17)
    at MemoryRouter (F:\program\harmonix\node_modules\react-router\dist\umd\react-router.development.js:1097:7)
Warning: An update to DiscoverView inside a test was not wrapped in act(...).

When testing, code that causes React state updates should be wrapped into act(...):

act(() => {
  /* fire events that update state */
});
/* assert on the output */

This ensures that you're testing the behavior the user would see in the browser. Learn more at 
https://reactjs.org/link/wrap-tests-with-act
    at DiscoverView (F:\program\harmonix\src\features\discover\DiscoverView.tsx:45:46)
    at Router (F:\program\harmonix\node_modules\react-router\dist\umd\react-router.development.js:1203:17)
    at MemoryRouter (F:\program\harmonix\node_modules\react-router\dist\umd\react-router.development.js:1097:7)
Warning: An update to DiscoverView inside a test was not wrapped in act(...).

When testing, code that causes React state updates should be wrapped into act(...):

act(() => {
  /* fire events that update state */
});
/* assert on the output */

This ensures that you're testing the behavior the user would see in the browser. Learn more at 
https://reactjs.org/link/wrap-tests-with-act
    at DiscoverView (F:\program\harmonix\src\features\discover\DiscoverView.tsx:45:46)
    at Router (F:\program\harmonix\node_modules\react-router\dist\umd\react-router.development.js:1203:17)
    at MemoryRouter (F:\program\harmonix\node_modules\react-router\dist\umd\react-router.development.js:1097:7)
Warning: An update to DiscoverView inside a test was not wrapped in act(...).

When testing, code that causes React state updates should be wrapped into act(...):

act(() => {
  /* fire events that update state */
});
/* assert on the output */

This ensures that you're testing the behavior the user would see in the browser. Learn more at 
https://reactjs.org/link/wrap-tests-with-act
    at DiscoverView (F:\program\harmonix\src\features\discover\DiscoverView.tsx:45:46)
    at Router (F:\program\harmonix\node_modules\react-router\dist\umd\react-router.development.js:1203:17)
    at MemoryRouter (F:\program\harmonix\node_modules\react-router\dist\umd\react-router.development.js:1097:7)
Warning: An update to DiscoverView inside a test was not wrapped in act(...).

When testing, code that causes React state updates should be wrapped into act(...):

act(() => {
  /* fire events that update state */
});
/* assert on the output */

This ensures that you're testing the behavior the user would see in the browser. Learn more at 
https://reactjs.org/link/wrap-tests-with-act
    at DiscoverView (F:\program\harmonix\src\features\discover\DiscoverView.tsx:45:46)
    at Router (F:\program\harmonix\node_modules\react-router\dist\umd\react-router.development.js:1203:17)
    at MemoryRouter (F:\program\harmonix\node_modules\react-router\dist\umd\react-router.development.js:1097:7)
Warning: An update to DiscoverView inside a test was not wrapped in act(...).

When testing, code that causes React state updates should be wrapped into act(...):

act(() => {
  /* fire events that update state */
});
/* assert on the output */

This ensures that you're testing the behavior the user would see in the browser. Learn more at 
https://reactjs.org/link/wrap-tests-with-act
    at DiscoverView (F:\program\harmonix\src\features\discover\DiscoverView.tsx:45:46)
    at Router (F:\program\harmonix\node_modules\react-router\dist\umd\react-router.development.js:1203:17)
    at MemoryRouter (F:\program\harmonix\node_modules\react-router\dist\umd\react-router.development.js:1097:7)

[90mstderr[2m | tests/unit/discoverView.test.tsx[2m > [22m[2mDiscoverView[2m > [22m[2mrenders mood section 
chips only when the sample matches the section mood
[22m[39mWarning: An update to DiscoverView inside a test was not wrapped in act(...).

When testing, code that causes React state updates should be wrapped into act(...):

act(() => {
  /* fire events that update state */
});
/* assert on the output */

This ensures that you're testing the behavior the user would see in the browser. Learn more at 
https://reactjs.org/link/wrap-tests-with-act
    at DiscoverView (F:\program\harmonix\src\features\discover\DiscoverView.tsx:45:46)
    at Router (F:\program\harmonix\node_modules\react-router\dist\umd\react-router.development.js:1203:17)
    at MemoryRouter (F:\program\harmonix\node_modules\react-router\dist\umd\react-router.development.js:1097:7)
Warning: An update to DiscoverView inside a test was not wrapped in act(...).

When testing, code that causes React state updates should be wrapped into act(...):

act(() => {
  /* fire events that update state */
});
/* assert on the output */

This ensures that you're testing the behavior the user would see in the browser. Learn more at 
https://reactjs.org/link/wrap-tests-with-act
    at DiscoverView (F:\program\harmonix\src\features\discover\DiscoverView.tsx:45:46)
    at Router (F:\program\harmonix\node_modules\react-router\dist\umd\react-router.development.js:1203:17)
    at MemoryRouter (F:\program\harmonix\node_modules\react-router\dist\umd\react-router.development.js:1097:7)
Warning: An update to DiscoverView inside a test was not wrapped in act(...).

When testing, code that causes React state updates should be wrapped into act(...):

act(() => {
  /* fire events that update state */
});
/* assert on the output */

This ensures that you're testing the behavior the user would see in the browser. Learn more at 
https://reactjs.org/link/wrap-tests-with-act
    at DiscoverView (F:\program\harmonix\src\features\discover\DiscoverView.tsx:45:46)
    at Router (F:\program\harmonix\node_modules\react-router\dist\umd\react-router.development.js:1203:17)
    at MemoryRouter (F:\program\harmonix\node_modules\react-router\dist\umd\react-router.development.js:1097:7)
Warning: An update to DiscoverView inside a test was not wrapped in act(...).

When testing, code that causes React state updates should be wrapped into act(...):

act(() => {
  /* fire events that update state */
});
/* assert on the output */

This ensures that you're testing the behavior the user would see in the browser. Learn more at 
https://reactjs.org/link/wrap-tests-with-act
    at DiscoverView (F:\program\harmonix\src\features\discover\DiscoverView.tsx:45:46)
    at Router (F:\program\harmonix\node_modules\react-router\dist\umd\react-router.development.js:1203:17)
    at MemoryRouter (F:\program\harmonix\node_modules\react-router\dist\umd\react-router.development.js:1097:7)
Warning: An update to DiscoverView inside a test was not wrapped in act(...).

When testing, code that causes React state updates should be wrapped into act(...):

act(() => {
  /* fire events that update state */
});
/* assert on the output */

This ensures that you're testing the behavior the user would see in the browser. Learn more at 
https://reactjs.org/link/wrap-tests-with-act
    at DiscoverView (F:\program\harmonix\src\features\discover\DiscoverView.tsx:45:46)
    at Router (F:\program\harmonix\node_modules\react-router\dist\umd\react-router.development.js:1203:17)
    at MemoryRouter (F:\program\harmonix\node_modules\react-router\dist\umd\react-router.development.js:1097:7)
Warning: An update to DiscoverView inside a test was not wrapped in act(...).

When testing, code that causes React state updates should be wrapped into act(...):

act(() => {
  /* fire events that update state */
});
/* assert on the output */

This ensures that you're testing the behavior the user would see in the browser. Learn more at 
https://reactjs.org/link/wrap-tests-with-act
    at DiscoverView (F:\program\harmonix\src\features\discover\DiscoverView.tsx:45:46)
    at Router (F:\program\harmonix\node_modules\react-router\dist\umd\react-router.development.js:1203:17)
    at MemoryRouter (F:\program\harmonix\node_modules\react-router\dist\umd\react-router.development.js:1097:7)

[90mstderr[2m | tests/unit/discoverView.test.tsx[2m > [22m[2mDiscoverView[2m > [22m[2mFrom history section 
shows history entries when present
[22m[39mWarning: An update to DiscoverView inside a test was not wrapped in act(...).

When testing, code that causes React state updates should be wrapped into act(...):

act(() => {
  /* fire events that update state */
});
/* assert on the output */

This ensures that you're testing the behavior the user would see in the browser. Learn more at 
https://reactjs.org/link/wrap-tests-with-act
    at DiscoverView (F:\program\harmonix\src\features\discover\DiscoverView.tsx:45:46)
    at Router (F:\program\harmonix\node_modules\react-router\dist\umd\react-router.development.js:1203:17)
    at MemoryRouter (F:\program\harmonix\node_modules\react-router\dist\umd\react-router.development.js:1097:7)
Warning: An update to DiscoverView inside a test was not wrapped in act(...).

When testing, code that causes React state updates should be wrapped into act(...):

act(() => {
  /* fire events that update state */
});
/* assert on the output */

This ensures that you're testing the behavior the user would see in the browser. Learn more at 
https://reactjs.org/link/wrap-tests-with-act
    at DiscoverView (F:\program\harmonix\src\features\discover\DiscoverView.tsx:45:46)
    at Router (F:\program\harmonix\node_modules\react-router\dist\umd\react-router.development.js:1203:17)
    at MemoryRouter (F:\program\harmonix\node_modules\react-router\dist\umd\react-router.development.js:1097:7)
Warning: An update to DiscoverView inside a test was not wrapped in act(...).

When testing, code that causes React state updates should be wrapped into act(...):

act(() => {
  /* fire events that update state */
});
/* assert on the output */

This ensures that you're testing the behavior the user would see in the browser. Learn more at 
https://reactjs.org/link/wrap-tests-with-act
    at DiscoverView (F:\program\harmonix\src\features\discover\DiscoverView.tsx:45:46)
    at Router (F:\program\harmonix\node_modules\react-router\dist\umd\react-router.development.js:1203:17)
    at MemoryRouter (F:\program\harmonix\node_modules\react-router\dist\umd\react-router.development.js:1097:7)
Warning: An update to DiscoverView inside a test was not wrapped in act(...).

When testing, code that causes React state updates should be wrapped into act(...):

act(() => {
  /* fire events that update state */
});
/* assert on the output */

This ensures that you're testing the behavior the user would see in the browser. Learn more at 
https://reactjs.org/link/wrap-tests-with-act
    at DiscoverView (F:\program\harmonix\src\features\discover\DiscoverView.tsx:45:46)
    at Router (F:\program\harmonix\node_modules\react-router\dist\umd\react-router.development.js:1203:17)
    at MemoryRouter (F:\program\harmonix\node_modules\react-router\dist\umd\react-router.development.js:1097:7)
Warning: An update to DiscoverView inside a test was not wrapped in act(...).

When testing, code that causes React state updates should be wrapped into act(...):

act(() => {
  /* fire events that update state */
});
/* assert on the output */

This ensures that you're testing the behavior the user would see in the browser. Learn more at 
https://reactjs.org/link/wrap-tests-with-act
    at DiscoverView (F:\program\harmonix\src\features\discover\DiscoverView.tsx:45:46)
    at Router (F:\program\harmonix\node_modules\react-router\dist\umd\react-router.development.js:1203:17)
    at MemoryRouter (F:\program\harmonix\node_modules\react-router\dist\umd\react-router.development.js:1097:7)
Warning: An update to DiscoverView inside a test was not wrapped in act(...).

When testing, code that causes React state updates should be wrapped into act(...):

act(() => {
  /* fire events that update state */
});
/* assert on the output */

This ensures that you're testing the behavior the user would see in the browser. Learn more at 
https://reactjs.org/link/wrap-tests-with-act
    at DiscoverView (F:\program\harmonix\src\features\discover\DiscoverView.tsx:45:46)
    at Router (F:\program\harmonix\node_modules\react-router\dist\umd\react-router.development.js:1203:17)
    at MemoryRouter (F:\program\harmonix\node_modules\react-router\dist\umd\react-router.development.js:1097:7)

[90mstderr[2m | tests/unit/discoverView.test.tsx[2m > [22m[2mDiscoverView[2m > [22m[2m"From history" shows 
empty state when history is empty
[22m[39mWarning: An update to DiscoverView inside a test was not wrapped in act(...).

When testing, code that causes React state updates should be wrapped into act(...):

act(() => {
  /* fire events that update state */
});
/* assert on the output */

This ensures that you're testing the behavior the user would see in the browser. Learn more at 
https://reactjs.org/link/wrap-tests-with-act
    at DiscoverView (F:\program\harmonix\src\features\discover\DiscoverView.tsx:45:46)
    at Router (F:\program\harmonix\node_modules\react-router\dist\umd\react-router.development.js:1203:17)
    at MemoryRouter (F:\program\harmonix\node_modules\react-router\dist\umd\react-router.development.js:1097:7)
Warning: An update to DiscoverView inside a test was not wrapped in act(...).

When testing, code that causes React state updates should be wrapped into act(...):

act(() => {
  /* fire events that update state */
});
/* assert on the output */

This ensures that you're testing the behavior the user would see in the browser. Learn more at 
https://reactjs.org/link/wrap-tests-with-act
    at DiscoverView (F:\program\harmonix\src\features\discover\DiscoverView.tsx:45:46)
    at Router (F:\program\harmonix\node_modules\react-router\dist\umd\react-router.development.js:1203:17)
    at MemoryRouter (F:\program\harmonix\node_modules\react-router\dist\umd\react-router.development.js:1097:7)
Warning: An update to DiscoverView inside a test was not wrapped in act(...).

When testing, code that causes React state updates should be wrapped into act(...):

act(() => {
  /* fire events that update state */
});
/* assert on the output */

This ensures that you're testing the behavior the user would see in the browser. Learn more at 
https://reactjs.org/link/wrap-tests-with-act
    at DiscoverView (F:\program\harmonix\src\features\discover\DiscoverView.tsx:45:46)
    at Router (F:\program\harmonix\node_modules\react-router\dist\umd\react-router.development.js:1203:17)
    at MemoryRouter (F:\program\harmonix\node_modules\react-router\dist\umd\react-router.development.js:1097:7)
Warning: An update to DiscoverView inside a test was not wrapped in act(...).

When testing, code that causes React state updates should be wrapped into act(...):

act(() => {
  /* fire events that update state */
});
/* assert on the output */

This ensures that you're testing the behavior the user would see in the browser. Learn more at 
https://reactjs.org/link/wrap-tests-with-act
    at DiscoverView (F:\program\harmonix\src\features\discover\DiscoverView.tsx:45:46)
    at Router (F:\program\harmonix\node_modules\react-router\dist\umd\react-router.development.js:1203:17)
    at MemoryRouter (F:\program\harmonix\node_modules\react-router\dist\umd\react-router.development.js:1097:7)
Warning: An update to DiscoverView inside a test was not wrapped in act(...).

When testing, code that causes React state updates should be wrapped into act(...):

act(() => {
  /* fire events that update state */
});
/* assert on the output */

This ensures that you're testing the behavior the user would see in the browser. Learn more at 
https://reactjs.org/link/wrap-tests-with-act
    at DiscoverView (F:\program\harmonix\src\features\discover\DiscoverView.tsx:45:46)
    at Router (F:\program\harmonix\node_modules\react-router\dist\umd\react-router.development.js:1203:17)
    at MemoryRouter (F:\program\harmonix\node_modules\react-router\dist\umd\react-router.development.js:1097:7)
Warning: An update to DiscoverView inside a test was not wrapped in act(...).

When testing, code that causes React state updates should be wrapped into act(...):

act(() => {
  /* fire events that update state */
});
/* assert on the output */

This ensures that you're testing the behavior the user would see in the browser. Learn more at 
https://reactjs.org/link/wrap-tests-with-act
    at DiscoverView (F:\program\harmonix\src\features\discover\DiscoverView.tsx:45:46)
    at Router (F:\program\harmonix\node_modules\react-router\dist\umd\react-router.development.js:1203:17)
    at MemoryRouter (F:\program\harmonix\node_modules\react-router\dist\umd\react-router.development.js:1097:7)

 [32m笨・[39m tests/unit/discoverView.test.tsx [2m([22m[2m11 tests[22m[2m)[22m[90m 288[2mms[22m[39m
[90mstdout[2m | tests/unit/callbackServerFavicon.test.ts[2m > [22m[2mcallbackServer 窶・favicon.ico returns 204 instead of a 404 error[2m > [22m[2mthe real callbackServer.startCallbackServer returns 200 (not 404) for GET /favicon.ico
[22m[39m[spotify] Callback server listening on http://127.0.0.1:0/

[90mstdout[2m | tests/unit/callbackServerFavicon.test.ts[2m > [22m[2mcallbackServer 窶・favicon.ico returns 204 instead of a 404 error[2m > [22m[2mthe real callbackServer.startCallbackServer returns 200 (not 404) for GET /favicon.ico
[22m[39m[spotify] callback hit: GET /favicon.ico

 [32m笨・[39m tests/unit/callbackServerFavicon.test.ts [2m([22m[2m2 tests[22m[2m)[22m[90m 40[2mms[22m[39m
 [32m笨・[39m tests/unit/commandPreview.test.tsx [2m([22m[2m7 tests[22m[2m)[22m[90m 112[2mms[22m[39m
[90mstdout[2m | tests/unit/eqRepository.test.ts[2m > [22m[2meqRepository[2m > [22m[2meq_presets table is created by migration
[22m[39m[db] Applied migration 1: initial_schema
[db] Applied migration 2: eq_presets

[90mstdout[2m | tests/unit/eqRepository.test.ts[2m > [22m[2meqRepository[2m > [22m[2msaveCustomPreset inserts a new preset
[22m[39m[db] Applied migration 1: initial_schema
[db] Applied migration 2: eq_presets

[90mstdout[2m | tests/unit/eqRepository.test.ts[2m > [22m[2meqRepository[2m > [22m[2msaveCustomPreset updates an existing preset with same name
[22m[39m[db] Applied migration 1: initial_schema
[db] Applied migration 2: eq_presets

[90mstdout[2m | tests/unit/eqRepository.test.ts[2m > [22m[2meqRepository[2m > [22m[2msaveCustomPreset clamps out-of-range gains
[22m[39m[db] Applied migration 1: initial_schema
[db] Applied migration 2: eq_presets

[90mstdout[2m | tests/unit/eqRepository.test.ts[2m > [22m[2meqRepository[2m > [22m[2mlistCustomPresets returns sorted by name
[22m[39m[db] Applied migration 1: initial_schema
[db] Applied migration 2: eq_presets

[90mstdout[2m | tests/unit/eqRepository.test.ts[2m > [22m[2meqRepository[2m > [22m[2mgetCustomPresetByName returns null for missing
[22m[39m[db] Applied migration 1: initial_schema
[db] Applied migration 2: eq_presets

[90mstdout[2m | tests/unit/eqRepository.test.ts[2m > [22m[2meqRepository[2m > [22m[2mdeleteCustomPreset removes preset and returns true
[22m[39m[db] Applied migration 1: initial_schema
[db] Applied migration 2: eq_presets

[90mstdout[2m | tests/unit/eqRepository.test.ts[2m > [22m[2meqRepository[2m > [22m[2mdeleteCustomPreset returns false for missing
[22m[39m[db] Applied migration 1: initial_schema
[db] Applied migration 2: eq_presets

[90mstdout[2m | tests/unit/eqRepository.test.ts[2m > [22m[2meqRepository[2m > [22m[2mgetEqState returns flat defaults when nothing saved
[22m[39m[db] Applied migration 1: initial_schema
[db] Applied migration 2: eq_presets

[90mstdout[2m | tests/unit/eqRepository.test.ts[2m > [22m[2meqRepository[2m > [22m[2msaveEqState persists active preset and gains
[22m[39m[db] Applied migration 1: initial_schema
[db] Applied migration 2: eq_presets

[90mstdout[2m | tests/unit/eqRepository.test.ts[2m > [22m[2meqRepository[2m > [22m[2msaveEqState clamps out-of-range gains
[22m[39m[db] Applied migration 1: initial_schema
[db] Applied migration 2: eq_presets

[90mstdout[2m | tests/unit/eqRepository.test.ts[2m > [22m[2meqRepository[2m > [22m[2msaveEqState with null preset deletes the active preset key
[22m[39m[db] Applied migration 1: initial_schema
[db] Applied migration 2: eq_presets

[90mstdout[2m | tests/unit/eqRepository.test.ts[2m > [22m[2meqRepository[2m > [22m[2mpresetToEq maps row to EqPreset
[22m[39m[db] Applied migration 1: initial_schema
[db] Applied migration 2: eq_presets

 [32m笨・[39m tests/unit/eqRepository.test.ts [2m([22m[2m13 tests[22m[2m)[22m[90m 226[2mms[22m[39m
[90mstderr[2m | tests/unit/settingsSection.test.tsx[2m > [22m[2mSettingsSection[2m > [22m[2mrenders the title 
and is collapsed by default
[22m[39m笞・・React Router Future Flag Warning: React Router will begin wrapping state updates in 
`React.startTransition` in v7. You can use the `v7_startTransition` future flag to opt-in early. For more information, 
see https://reactrouter.com/v6/upgrading/future#v7_starttransition.
笞・・React Router Future Flag Warning: Relative route resolution within Splat routes is changing in v7. You can use the 
`v7_relativeSplatPath` future flag to opt-in early. For more information, see 
https://reactrouter.com/v6/upgrading/future#v7_relativesplatpath.

 [32m笨・[39m tests/unit/useKeyboardNavigation.test.ts [2m([22m[2m9 tests[22m[2m)[22m[90m 154[2mms[22m[39m
 [32m笨・[39m tests/unit/settingsSection.test.tsx [2m([22m[2m7 tests[22m[2m)[22m[90m 173[2mms[22m[39m
[90mstdout[2m | tests/unit/spotifySource.test.ts[2m > [22m[2mSpotifySource[2m > [22m[2mreturns Spotify SDK stream for Premium tracks
[22m[39m[spotify] getStreamUrl: account=unknown, path=SDK, track=abc (Song)

[90mstdout[2m | tests/unit/spotifySource.test.ts[2m > [22m[2mSpotifySource[2m > [22m[2mreturns preview URL for Free users
[22m[39m[spotify] getStreamUrl: account=unknown, path=PREVIEW, track=abc (Song) 窶・loading 30s preview from example.com

[90mstdout[2m | tests/unit/spotifySource.test.ts[2m > [22m[2mSpotifySource[2m > [22m[2mthrows an actionable error explaining the 30s preview limit when Free user has no preview URL
[22m[39m[spotify] getStreamUrl: account=unknown, path=PREVIEW, track=abc (Song) 窶・no meta.previewUrl on this track; will throw "no preview available".

[90mstdout[2m | tests/unit/spotifySource.test.ts[2m > [22m[2mSpotifySource[2m > [22m[2minitializes without throwing
[22m[39m[spotify] Initialized (clientId=set)
[spotify] Shutdown

 [32m笨・[39m tests/unit/spotifySource.test.ts [2m([22m[2m10 tests[22m[2m)[22m[90m 146[2mms[22m[39m
 [32m笨・[39m tests/unit/splashWindow.test.ts [2m([22m[2m7 tests[22m[2m)[22m[90m 98[2mms[22m[39m
[90mstderr[2m | tests/unit/forYouSection.test.tsx[2m > [22m[2mForYouSection[2m > [22m[2mshows starter cards 
when no history
[22m[39m笞・・React Router Future Flag Warning: React Router will begin wrapping state updates in 
`React.startTransition` in v7. You can use the `v7_startTransition` future flag to opt-in early. For more information, 
see https://reactrouter.com/v6/upgrading/future#v7_starttransition.
笞・・React Router Future Flag Warning: Relative route resolution within Splat routes is changing in v7. You can use the 
`v7_relativeSplatPath` future flag to opt-in early. For more information, see 
https://reactrouter.com/v6/upgrading/future#v7_relativesplatpath.

 [32m笨・[39m tests/unit/sourceHealth.test.tsx [2m([22m[2m5 tests[22m[2m)[22m[90m 141[2mms[22m[39m
 [32m笨・[39m tests/unit/forYouSection.test.tsx [2m([22m[2m8 tests[22m[2m)[22m[90m 192[2mms[22m[39m
 [32m笨・[39m tests/unit/playerState.test.ts [2m([22m[2m11 tests[22m[2m)[22m[90m 156[2mms[22m[39m
 [32m笨・[39m tests/unit/queueDrawer.test.tsx [2m([22m[2m8 tests[22m[2m)[22m[90m 228[2mms[22m[39m
 [32m笨・[39m tests/unit/webPlaybackPlayDiag.test.ts [2m([22m[2m1 test[22m[2m)[22m[90m 12[2mms[22m[39m
 [32m笨・[39m tests/unit/searchFilters.test.ts [2m([22m[2m11 tests[22m[2m)[22m[90m 165[2mms[22m[39m
[90mstderr[2m | tests/unit/scanner.test.ts[2m > [22m[2mscanner[2m > [22m[2mscanFolder symlink-cycle safety[2m 
> [22m[2mhandles missing directory gracefully (returns empty)
[22m[39m[scanner] Cannot read C:\Users\Bayu\AppData\Local\Temp\harmonix-scanner-zam9rn\does-not-exist: ENOENT: no 
such file or directory, scandir 'C:\Users\Bayu\AppData\Local\Temp\harmonix-scanner-zam9rn\does-not-exist'

 [32m笨・[39m tests/unit/scanner.test.ts [2m([22m[2m8 tests[22m[2m)[22m[90m 124[2mms[22m[39m
 [32m笨・[39m tests/unit/sidePanel.test.tsx [2m([22m[2m10 tests[22m[2m)[22m[90m 198[2mms[22m[39m
 [32m笨・[39m tests/unit/fuzzyMatch.test.ts [2m([22m[2m18 tests[22m[2m)[22m[90m 276[2mms[22m[39m
 [32m笨・[39m tests/unit/spotifyStreamUrlDiag.test.ts [2m([22m[2m3 tests[22m[2m)[22m[90m 44[2mms[22m[39m
 [32m笨・[39m tests/unit/spotifySearchNullItems.test.ts [2m([22m[2m4 tests[22m[2m)[22m[90m 62[2mms[22m[39m
 [32m笨・[39m tests/unit/ytDlpUpdate.test.ts [2m([22m[2m4 tests[22m[2m)[22m[90m 65[2mms[22m[39m
 [32m笨・[39m tests/unit/demoSource.test.ts [2m([22m[2m15 tests[22m[2m)[22m[90m 221[2mms[22m[39m
 [32m笨・[39m tests/unit/spotifyClientProfile.test.ts [2m([22m[2m3 tests[22m[2m)[22m[90m 39[2mms[22m[39m
 [32m笨・[39m tests/unit/adaptivePalette.test.ts [2m([22m[2m12 tests[22m[2m)[22m[90m 186[2mms[22m[39m
 [32m笨・[39m tests/unit/spotifyClient.test.ts [2m([22m[2m6 tests[22m[2m)[22m[90m 82[2mms[22m[39m
[90mstderr[2m | tests/unit/exploreView.test.tsx[2m > [22m[2mExploreView[2m > [22m[2mshows the Explore heading
[22m[39m笞・・React Router Future Flag Warning: React Router will begin wrapping state updates in 
`React.startTransition` in v7. You can use the `v7_startTransition` future flag to opt-in early. For more information, 
see https://reactrouter.com/v6/upgrading/future#v7_starttransition.
笞・・React Router Future Flag Warning: Relative route resolution within Splat routes is changing in v7. You can use the 
`v7_relativeSplatPath` future flag to opt-in early. For more information, see 
https://reactrouter.com/v6/upgrading/future#v7_relativesplatpath.
Warning: An update to ExploreView inside a test was not wrapped in act(...).

When testing, code that causes React state updates should be wrapped into act(...):

act(() => {
  /* fire events that update state */
});
/* assert on the output */

This ensures that you're testing the behavior the user would see in the browser. Learn more at 
https://reactjs.org/link/wrap-tests-with-act
    at ExploreView (F:\program\harmonix\src\features\explore\ExploreView.tsx:36:47)
    at Router (F:\program\harmonix\node_modules\react-router\dist\umd\react-router.development.js:1203:17)
    at MemoryRouter (F:\program\harmonix\node_modules\react-router\dist\umd\react-router.development.js:1097:7)
Warning: An update to ExploreView inside a test was not wrapped in act(...).

When testing, code that causes React state updates should be wrapped into act(...):

act(() => {
  /* fire events that update state */
});
/* assert on the output */

This ensures that you're testing the behavior the user would see in the browser. Learn more at 
https://reactjs.org/link/wrap-tests-with-act
    at ExploreView (F:\program\harmonix\src\features\explore\ExploreView.tsx:36:47)
    at Router (F:\program\harmonix\node_modules\react-router\dist\umd\react-router.development.js:1203:17)
    at MemoryRouter (F:\program\harmonix\node_modules\react-router\dist\umd\react-router.development.js:1097:7)

[90mstderr[2m | tests/unit/exploreView.test.tsx[2m > [22m[2mExploreView[2m > [22m[2mrenders the For You 
section with starter cards when no history
[22m[39mWarning: An update to ExploreView inside a test was not wrapped in act(...).

When testing, code that causes React state updates should be wrapped into act(...):

act(() => {
  /* fire events that update state */
});
/* assert on the output */

This ensures that you're testing the behavior the user would see in the browser. Learn more at 
https://reactjs.org/link/wrap-tests-with-act
    at ExploreView (F:\program\harmonix\src\features\explore\ExploreView.tsx:36:47)
    at Router (F:\program\harmonix\node_modules\react-router\dist\umd\react-router.development.js:1203:17)
    at MemoryRouter (F:\program\harmonix\node_modules\react-router\dist\umd\react-router.development.js:1097:7)
Warning: An update to ExploreView inside a test was not wrapped in act(...).

When testing, code that causes React state updates should be wrapped into act(...):

act(() => {
  /* fire events that update state */
});
/* assert on the output */

This ensures that you're testing the behavior the user would see in the browser. Learn more at 
https://reactjs.org/link/wrap-tests-with-act
    at ExploreView (F:\program\harmonix\src\features\explore\ExploreView.tsx:36:47)
    at Router (F:\program\harmonix\node_modules\react-router\dist\umd\react-router.development.js:1203:17)
    at MemoryRouter (F:\program\harmonix\node_modules\react-router\dist\umd\react-router.development.js:1097:7)

[90mstderr[2m | tests/unit/exploreView.test.tsx[2m > [22m[2mExploreView[2m > [22m[2mshows recently played 
tracks when history exists
[22m[39mWarning: An update to ExploreView inside a test was not wrapped in act(...).

When testing, code that causes React state updates should be wrapped into act(...):

act(() => {
  /* fire events that update state */
});
/* assert on the output */

This ensures that you're testing the behavior the user would see in the browser. Learn more at 
https://reactjs.org/link/wrap-tests-with-act
    at ExploreView (F:\program\harmonix\src\features\explore\ExploreView.tsx:36:47)
    at Router (F:\program\harmonix\node_modules\react-router\dist\umd\react-router.development.js:1203:17)
    at MemoryRouter (F:\program\harmonix\node_modules\react-router\dist\umd\react-router.development.js:1097:7)
Warning: An update to ExploreView inside a test was not wrapped in act(...).

When testing, code that causes React state updates should be wrapped into act(...):

act(() => {
  /* fire events that update state */
});
/* assert on the output */

This ensures that you're testing the behavior the user would see in the browser. Learn more at 
https://reactjs.org/link/wrap-tests-with-act
    at ExploreView (F:\program\harmonix\src\features\explore\ExploreView.tsx:36:47)
    at Router (F:\program\harmonix\node_modules\react-router\dist\umd\react-router.development.js:1203:17)
    at MemoryRouter (F:\program\harmonix\node_modules\react-router\dist\umd\react-router.development.js:1097:7)

[90mstderr[2m | tests/unit/exploreView.test.tsx[2m > [22m[2mExploreView[2m > [22m[2mshows enabled source count 
badge
[22m[39mWarning: An update to ExploreView inside a test was not wrapped in act(...).

When testing, code that causes React state updates should be wrapped into act(...):

act(() => {
  /* fire events that update state */
});
/* assert on the output */

This ensures that you're testing the behavior the user would see in the browser. Learn more at 
https://reactjs.org/link/wrap-tests-with-act
    at ExploreView (F:\program\harmonix\src\features\explore\ExploreView.tsx:36:47)
    at Router (F:\program\harmonix\node_modules\react-router\dist\umd\react-router.development.js:1203:17)
    at MemoryRouter (F:\program\harmonix\node_modules\react-router\dist\umd\react-router.development.js:1097:7)
Warning: An update to ExploreView inside a test was not wrapped in act(...).

When testing, code that causes React state updates should be wrapped into act(...):

act(() => {
  /* fire events that update state */
});
/* assert on the output */

This ensures that you're testing the behavior the user would see in the browser. Learn more at 
https://reactjs.org/link/wrap-tests-with-act
    at ExploreView (F:\program\harmonix\src\features\explore\ExploreView.tsx:36:47)
    at Router (F:\program\harmonix\node_modules\react-router\dist\umd\react-router.development.js:1203:17)
    at MemoryRouter (F:\program\harmonix\node_modules\react-router\dist\umd\react-router.development.js:1097:7)

[90mstderr[2m | tests/unit/exploreView.test.tsx[2m > [22m[2mExploreView[2m > [22m[2mshows empty state with 
link to Settings when no sources enabled
[22m[39mWarning: An update to ExploreView inside a test was not wrapped in act(...).

When testing, code that causes React state updates should be wrapped into act(...):

act(() => {
  /* fire events that update state */
});
/* assert on the output */

This ensures that you're testing the behavior the user would see in the browser. Learn more at 
https://reactjs.org/link/wrap-tests-with-act
    at ExploreView (F:\program\harmonix\src\features\explore\ExploreView.tsx:36:47)
    at Router (F:\program\harmonix\node_modules\react-router\dist\umd\react-router.development.js:1203:17)
    at MemoryRouter (F:\program\harmonix\node_modules\react-router\dist\umd\react-router.development.js:1097:7)
Warning: An update to ExploreView inside a test was not wrapped in act(...).

When testing, code that causes React state updates should be wrapped into act(...):

act(() => {
  /* fire events that update state */
});
/* assert on the output */

This ensures that you're testing the behavior the user would see in the browser. Learn more at 
https://reactjs.org/link/wrap-tests-with-act
    at ExploreView (F:\program\harmonix\src\features\explore\ExploreView.tsx:36:47)
    at Router (F:\program\harmonix\node_modules\react-router\dist\umd\react-router.development.js:1203:17)
    at MemoryRouter (F:\program\harmonix\node_modules\react-router\dist\umd\react-router.development.js:1097:7)

[90mstderr[2m | tests/unit/exploreView.test.tsx[2m > [22m[2mExploreView[2m > [22m[2mrenders enabled source 
quick links
[22m[39mWarning: An update to ExploreView inside a test was not wrapped in act(...).

When testing, code that causes React state updates should be wrapped into act(...):

act(() => {
  /* fire events that update state */
});
/* assert on the output */

This ensures that you're testing the behavior the user would see in the browser. Learn more at 
https://reactjs.org/link/wrap-tests-with-act
    at ExploreView (F:\program\harmonix\src\features\explore\ExploreView.tsx:36:47)
    at Router (F:\program\harmonix\node_modules\react-router\dist\umd\react-router.development.js:1203:17)
    at MemoryRouter (F:\program\harmonix\node_modules\react-router\dist\umd\react-router.development.js:1097:7)
Warning: An update to ExploreView inside a test was not wrapped in act(...).

When testing, code that causes React state updates should be wrapped into act(...):

act(() => {
  /* fire events that update state */
});
/* assert on the output */

This ensures that you're testing the behavior the user would see in the browser. Learn more at 
https://reactjs.org/link/wrap-tests-with-act
    at ExploreView (F:\program\harmonix\src\features\explore\ExploreView.tsx:36:47)
    at Router (F:\program\harmonix\node_modules\react-router\dist\umd\react-router.development.js:1203:17)
    at MemoryRouter (F:\program\harmonix\node_modules\react-router\dist\umd\react-router.development.js:1097:7)

 [32m笨・[39m tests/unit/exploreView.test.tsx [2m([22m[2m6 tests[22m[2m)[22m[90m 192[2mms[22m[39m
[90mstderr[2m | tests/unit/eqResponseCurve.test.tsx[2m > [22m[2mEqResponseCurve[2m > [22m[2mrenders a canvas 
with role/aria-label and testid
[22m[39m[audioEngine] AudioContext setup failed, falling back to direct playback: AudioContext is not defined

[90mstderr[2m | tests/unit/eqResponseCurve.test.tsx[2m > [22m[2mEqResponseCurve[2m > [22m[2mapplies the height 
prop as a pixel style
[22m[39m[audioEngine] AudioContext setup failed, falling back to direct playback: AudioContext is not defined

[90mstderr[2m | tests/unit/eqResponseCurve.test.tsx[2m > [22m[2mEqResponseCurve[2m > [22m[2mrespects a custom 
aria-label
[22m[39m[audioEngine] AudioContext setup failed, falling back to direct playback: AudioContext is not defined

[90mstderr[2m | tests/unit/eqResponseCurve.test.tsx[2m > [22m[2mEqResponseCurve[2m > [22m[2mstarts a 
requestAnimationFrame loop when active
[22m[39m[audioEngine] AudioContext setup failed, falling back to direct playback: AudioContext is not defined

[90mstderr[2m | tests/unit/eqResponseCurve.test.tsx[2m > [22m[2mEqResponseCurve[2m > [22m[2mstays mounted and 
keeps drawing when gains change (preset switch)
[22m[39m[audioEngine] AudioContext setup failed, falling back to direct playback: AudioContext is not defined

[90mstderr[2m | tests/unit/eqResponseCurve.test.tsx[2m > [22m[2mEqResponseCurve[2m > [22m[2mdoes not re-target 
animation when gains are unchanged
[22m[39m[audioEngine] AudioContext setup failed, falling back to direct playback: AudioContext is not defined

 [32m笨・[39m tests/unit/eqResponseCurve.test.tsx [2m([22m[2m8 tests[22m[2m)[22m[90m 158[2mms[22m[39m
[90mstderr[2m | tests/unit/settingsView.test.tsx[2m > [22m[2mSettingsView integration[2m > [22m[2mrenders the 
page header
[22m[39m笞・・React Router Future Flag Warning: React Router will begin wrapping state updates in 
`React.startTransition` in v7. You can use the `v7_startTransition` future flag to opt-in early. For more information, 
see https://reactrouter.com/v6/upgrading/future#v7_starttransition.
笞・・React Router Future Flag Warning: Relative route resolution within Splat routes is changing in v7. You can use the 
`v7_relativeSplatPath` future flag to opt-in early. For more information, see 
https://reactrouter.com/v6/upgrading/future#v7_relativesplatpath.

 [32m笨・[39m tests/unit/themeStore.test.ts [2m([22m[2m8 tests[22m[2m)[22m[90m 113[2mms[22m[39m
 [32m笨・[39m tests/unit/settingsView.test.tsx [2m([22m[2m6 tests[22m[2m)[22m[90m 196[2mms[22m[39m
 [32m笨・[39m tests/unit/colorExtractor.test.ts [2m([22m[2m11 tests[22m[2m)[22m[90m 161[2mms[22m[39m
 [32m笨・[39m tests/unit/keyboardHelpOverlay.test.tsx [2m([22m[2m7 tests[22m[2m)[22m[90m 296[2mms[22m[39m
 [32m笨・[39m tests/unit/presets.test.ts [2m([22m[2m18 tests[22m[2m)[22m[90m 291[2mms[22m[39m
 [32m笨・[39m tests/unit/playerStoreQueue.test.ts [2m([22m[2m11 tests[22m[2m)[22m[90m 174[2mms[22m[39m
 [32m笨・[39m tests/unit/colorWorkerCore.test.ts [2m([22m[2m7 tests[22m[2m)[22m[90m 105[2mms[22m[39m
[90mstderr[2m | tests/unit/heroPlayer.test.tsx[2m > [22m[2mHeroPlayer[2m > [22m[2mrenders empty state when no 
track is playing
[22m[39m笞・・React Router Future Flag Warning: React Router will begin wrapping state updates in 
`React.startTransition` in v7. You can use the `v7_startTransition` future flag to opt-in early. For more information, 
see https://reactrouter.com/v6/upgrading/future#v7_starttransition.
笞・・React Router Future Flag Warning: Relative route resolution within Splat routes is changing in v7. You can use the 
`v7_relativeSplatPath` future flag to opt-in early. For more information, see 
https://reactrouter.com/v6/upgrading/future#v7_relativesplatpath.

 [32m笨・[39m tests/unit/heroPlayer.test.tsx [2m([22m[2m6 tests[22m[2m)[22m[90m 209[2mms[22m[39m
[90mstderr[2m | tests/unit/rightRail.test.tsx[2m > [22m[2mRightRail[2m > [22m[2mrenders UP NEXT section
[22m[39m笞・・React Router Future Flag Warning: React Router will begin wrapping state updates in 
`React.startTransition` in v7. You can use the `v7_startTransition` future flag to opt-in early. For more information, 
see https://reactrouter.com/v6/upgrading/future#v7_starttransition.
笞・・React Router Future Flag Warning: Relative route resolution within Splat routes is changing in v7. You can use the 
`v7_relativeSplatPath` future flag to opt-in early. For more information, see 
https://reactrouter.com/v6/upgrading/future#v7_relativesplatpath.

[90mstderr[2m | tests/unit/innertubeCache.test.ts[2m > [22m[2mInnertube cache[2m > [22m[2mdispose is deferred 
when refCount > 0
[22m[39m[innertube] Dispose requested (test) but refCount=1, deferring

 [32m笨・[39m tests/unit/innertubeCache.test.ts [2m([22m[2m6 tests[22m[2m)[22m[90m 117[2mms[22m[39m
 [32m笨・[39m tests/unit/rightRail.test.tsx [2m([22m[2m6 tests[22m[2m)[22m[90m 150[2mms[22m[39m
[90mstdout[2m | tests/unit/ytmusicSource.test.ts[2m > [22m[2mYouTubeMusicSource[2m > [22m[2minitializes without throwing
[22m[39m[ytmusic] Initialized (yt-dlp: F:\program\harmonix\resources\yt-dlp.exe)
[ytmusic] Shutdown

[90mstdout[2m | tests/unit/ytmusicSource.test.ts[2m > [22m[2mYouTubeMusicSource[2m > [22m[2mgetStreamUrl throws when yt-dlp is not available
[22m[39m[ytmusic] Initialized (yt-dlp: F:\program\harmonix\resources\yt-dlp.exe)

 [32m笨・[39m tests/unit/crossfadeIndicator.test.tsx [2m([22m[2m7 tests[22m[2m)[22m[90m 97[2mms[22m[39m
 [32m笨・[39m tests/unit/ytmusicSource.test.ts [2m([22m[2m10 tests[22m[2m)[22m[90m 151[2mms[22m[39m
 [32m笨・[39m tests/unit/spotifyRefreshToken.test.ts [2m([22m[2m1 test[22m[2m)[22m[90m 16[2mms[22m[39m
 [32m笨・[39m tests/unit/rowToTrack.test.ts [2m([22m[2m9 tests[22m[2m)[22m[90m 135[2mms[22m[39m
 [32m笨・[39m tests/unit/spotifyRedirectUriDefaults.test.ts [2m([22m[2m1 test[22m[2m)[22m[90m 7[2mms[22m[39m
[90mstdout[2m | tests/unit/trackRepository.test.ts[2m > [22m[2mtrackRepository.deleteTracksNotIn[2m > [22m[2mrefuses to delete anything when given an empty filePaths array (no wipeAll opt-in)
[22m[39m[db] Applied migration 1: initial_schema
[db] Applied migration 2: eq_presets

[90mstdout[2m | tests/unit/trackRepository.test.ts[2m > [22m[2mtrackRepository.deleteTracksNotIn[2m > [22m[2mwipes the library only when wipeAll:true is explicitly passed
[22m[39m[db] Applied migration 1: initial_schema
[db] Applied migration 2: eq_presets

[90mstdout[2m | tests/unit/trackRepository.test.ts[2m > [22m[2mtrackRepository.deleteTracksNotIn[2m > [22m[2mkeeps tracks whose file_paths are in the allow-list
[22m[39m[db] Applied migration 1: initial_schema
[db] Applied migration 2: eq_presets

 [32m笨・[39m tests/unit/trackRepository.test.ts [2m([22m[2m3 tests[22m[2m)[22m[90m 66[2mms[22m[39m
 [32m笨・[39m tests/unit/useSafeNavigate.test.ts [2m([22m[2m3 tests[22m[2m)[22m[90m 46[2mms[22m[39m
 [32m笨・[39m tests/unit/contentSecurityPolicy.test.ts [2m([22m[2m3 tests[22m[2m)[22m[90m 35[2mms[22m[39m
 [32m笨・[39m tests/unit/getSpotifyAccessToken.test.ts [2m([22m[2m3 tests[22m[2m)[22m[90m 50[2mms[22m[39m
 [32m笨・[39m tests/unit/keyboardSettingsStore.test.ts [2m([22m[2m6 tests[22m[2m)[22m[90m 90[2mms[22m[39m
[90mstderr[2m | tests/unit/audioVisualizer.test.tsx[2m > [22m[2mFrequencyBars[2m > [22m[2mrenders a canvas 
with testid
[22m[39m[audioEngine] AudioContext setup failed, falling back to direct playback: AudioContext is not defined

[90mstderr[2m | tests/unit/audioVisualizer.test.tsx[2m > [22m[2mFrequencyBars[2m > [22m[2mapplies the height 
style
[22m[39m[audioEngine] AudioContext setup failed, falling back to direct playback: AudioContext is not defined

[90mstderr[2m | tests/unit/audioVisualizer.test.tsx[2m > [22m[2mFrequencyBars[2m > [22m[2msets role="img" with 
aria-label
[22m[39m[audioEngine] AudioContext setup failed, falling back to direct playback: AudioContext is not defined

[90mstderr[2m | tests/unit/audioVisualizer.test.tsx[2m > [22m[2mWaveformRing[2m > [22m[2mrenders a canvas with 
testid
[22m[39m[audioEngine] AudioContext setup failed, falling back to direct playback: AudioContext is not defined

[90mstderr[2m | tests/unit/audioVisualizer.test.tsx[2m > [22m[2mWaveformRing[2m > [22m[2mapplies the size prop 
as width/height
[22m[39m[audioEngine] AudioContext setup failed, falling back to direct playback: AudioContext is not defined

[90mstderr[2m | tests/unit/audioVisualizer.test.tsx[2m > [22m[2mWaveformRing[2m > [22m[2msets role="img" with 
aria-label
[22m[39m[audioEngine] AudioContext setup failed, falling back to direct playback: AudioContext is not defined

 [32m笨・[39m tests/unit/audioVisualizer.test.tsx [2m([22m[2m9 tests[22m[2m)[22m[90m 138[2mms[22m[39m
[90mstderr[2m | tests/unit/lyricsPanel.test.tsx[2m > [22m[2mLyricsPanel[2m > [22m[2mstarts expanded by default 
and toggles to collapsed
[22m[39mWarning: An update to LyricsPanel inside a test was not wrapped in act(...).

When testing, code that causes React state updates should be wrapped into act(...):

act(() => {
  /* fire events that update state */
});
/* assert on the output */

This ensures that you're testing the behavior the user would see in the browser. Learn more at 
https://reactjs.org/link/wrap-tests-with-act
    at LyricsPanel (F:\program\harmonix\src\features\lyrics\LyricsPanel.tsx:38:3)
Warning: An update to LyricsPanel inside a test was not wrapped in act(...).

When testing, code that causes React state updates should be wrapped into act(...):

act(() => {
  /* fire events that update state */
});
/* assert on the output */

This ensures that you're testing the behavior the user would see in the browser. Learn more at 
https://reactjs.org/link/wrap-tests-with-act
    at LyricsPanel (F:\program\harmonix\src\features\lyrics\LyricsPanel.tsx:38:3)

[90mstderr[2m | tests/unit/lyricsPanel.test.tsx[2m > [22m[2mLyricsPanel[2m > [22m[2mstarts collapsed when 
collapsedByDefault=true
[22m[39mWarning: An update to LyricsPanel inside a test was not wrapped in act(...).

When testing, code that causes React state updates should be wrapped into act(...):

act(() => {
  /* fire events that update state */
});
/* assert on the output */

This ensures that you're testing the behavior the user would see in the browser. Learn more at 
https://reactjs.org/link/wrap-tests-with-act
    at LyricsPanel (F:\program\harmonix\src\features\lyrics\LyricsPanel.tsx:38:3)
Warning: An update to LyricsPanel inside a test was not wrapped in act(...).

When testing, code that causes React state updates should be wrapped into act(...):

act(() => {
  /* fire events that update state */
});
/* assert on the output */

This ensures that you're testing the behavior the user would see in the browser. Learn more at 
https://reactjs.org/link/wrap-tests-with-act
    at LyricsPanel (F:\program\harmonix\src\features\lyrics\LyricsPanel.tsx:38:3)

 [32m笨・[39m tests/unit/lyricsPanel.test.tsx [2m([22m[2m3 tests[22m[2m)[22m[90m 107[2mms[22m[39m
 [32m笨・[39m tests/unit/spotifyOAuthErrorHints.test.ts [2m([22m[2m6 tests[22m[2m)[22m[90m 93[2mms[22m[39m
 [32m笨・[39m tests/unit/lyrics.test.ts [2m([22m[2m11 tests[22m[2m)[22m[90m 173[2mms[22m[39m
 [32m笨・[39m tests/unit/artworkBlurBackground.test.tsx [2m([22m[2m3 tests[22m[2m)[22m[90m 85[2mms[22m[39m
[90mstderr[2m | tests/unit/breadcrumb.test.tsx[2m > [22m[2mBreadcrumb[2m > [22m[2mrenders nothing for "/"
[22m[39m笞・・React Router Future Flag Warning: React Router will begin wrapping state updates in 
`React.startTransition` in v7. You can use the `v7_startTransition` future flag to opt-in early. For more information, 
see https://reactrouter.com/v6/upgrading/future#v7_starttransition.
笞・・React Router Future Flag Warning: Relative route resolution within Splat routes is changing in v7. You can use the 
`v7_relativeSplatPath` future flag to opt-in early. For more information, see 
https://reactrouter.com/v6/upgrading/future#v7_relativesplatpath.

 [32m笨・[39m tests/unit/breadcrumb.test.tsx [2m([22m[2m7 tests[22m[2m)[22m[90m 139[2mms[22m[39m
 [32m笨・[39m tests/unit/focusTrap.test.tsx [2m([22m[2m4 tests[22m[2m)[22m[90m 83[2mms[22m[39m
 [32m笨・[39m tests/unit/spotifySdkPlayer.test.ts [2m([22m[2m2 tests[22m[2m)[22m[90m 24[2mms[22m[39m
 [32m笨・[39m tests/unit/crossfade.test.ts [2m([22m[2m6 tests[22m[2m)[22m[90m 87[2mms[22m[39m
 [32m笨・[39m tests/unit/searchHistoryStore.test.ts [2m([22m[2m7 tests[22m[2m)[22m[90m 113[2mms[22m[39m
 [32m笨・[39m tests/unit/playlistCardSidebar.test.tsx [2m([22m[2m4 tests[22m[2m)[22m[90m 101[2mms[22m[39m
[90mstderr[2m | tests/unit/topBar.test.tsx[2m > [22m[2mTopBar[2m > [22m[2mrenders search input with placeholder
[22m[39m笞・・React Router Future Flag Warning: React Router will begin wrapping state updates in 
`React.startTransition` in v7. You can use the `v7_startTransition` future flag to opt-in early. For more information, 
see https://reactrouter.com/v6/upgrading/future#v7_starttransition.
笞・・React Router Future Flag Warning: Relative route resolution within Splat routes is changing in v7. You can use the 
`v7_relativeSplatPath` future flag to opt-in early. For more information, see 
https://reactrouter.com/v6/upgrading/future#v7_relativesplatpath.

 [32m笨・[39m tests/unit/topBar.test.tsx [2m([22m[2m5 tests[22m[2m)[22m[90m 98[2mms[22m[39m
 [32m笨・[39m tests/unit/pkce.test.ts [2m([22m[2m8 tests[22m[2m)[22m[90m 130[2mms[22m[39m
 [32m笨・[39m tests/unit/windowBounds.test.ts [2m([22m[2m7 tests[22m[2m)[22m[90m 101[2mms[22m[39m
 [32m笨・[39m tests/unit/globalDndProvider.test.tsx [2m([22m[2m2 tests[22m[2m)[22m[90m 56[2mms[22m[39m
 [32m笨・[39m tests/unit/mediaSession.test.tsx [2m([22m[2m2 tests[22m[2m)[22m[90m 42[2mms[22m[39m
 [32m笨・[39m tests/unit/toastStore.test.ts [2m([22m[2m5 tests[22m[2m)[22m[90m 66[2mms[22m[39m
 [32m笨・[39m tests/unit/keyboardShortcuts.test.ts [2m([22m[2m5 tests[22m[2m)[22m[90m 78[2mms[22m[39m
 [32m笨・[39m tests/unit/visualizerVariants.test.tsx [2m([22m[2m4 tests[22m[2m)[22m[90m 73[2mms[22m[39m
 [32m笨・[39m tests/unit/dndData.test.ts [2m([22m[2m6 tests[22m[2m)[22m[90m 92[2mms[22m[39m
 [32m笨・[39m tests/unit/useVirtualWindow.test.ts [2m([22m[2m6 tests[22m[2m)[22m[90m 96[2mms[22m[39m
 [32m笨・[39m tests/unit/horizontalScroller.test.tsx [2m([22m[2m2 tests[22m[2m)[22m[90m 54[2mms[22m[39m
 [32m笨・[39m tests/unit/useKeyboardShortcuts.integration.test.tsx [2m([22m[2m1 test[22m[2m)[22m[90m 29[2mms[22m[39m
 [32m笨・[39m tests/unit/imageLoader.test.tsx [2m([22m[2m3 tests[22m[2m)[22m[90m 55[2mms[22m[39m
 [32m笨・[39m tests/unit/playlistDropZone.test.tsx [2m([22m[2m2 tests[22m[2m)[22m[90m 41[2mms[22m[39m
 [32m笨・[39m tests/unit/routeFallback.test.tsx [2m([22m[2m3 tests[22m[2m)[22m[90m 58[2mms[22m[39m
 [32m笨・[39m tests/unit/visualizerQuality.test.ts [2m([22m[2m1 test[22m[2m)[22m[90m 14[2mms[22m[39m

[2m Test Files [22m [1m[32m107 passed[39m[22m[90m (107)[39m
[2m      Tests [22m [1m[32m976 passed[39m[22m[90m (976)[39m
[2m   Start at [22m 13:09:40
[2m   Duration [22m 66.96s[2m (transform 1.44s, setup 16.64s, collect 5.62s, tests 28.76s, environment 60.42s, prepare 7.97s)[22m

